 newton

 Timestamp is 4b39132c (Mon Dec 28 12:21:00 2009)

 Preferred load address is 10000000

 Start         Length     Name                   Class
 0001:00000000 0008fe64H .text                   CODE
 0001:0008fe70 0000000cH .text$yc                CODE
 0001:0008fe80 00000033H .text$yd                CODE
 0002:00000000 00000150H .idata$5                DATA
 0002:00000150 00000004H .CRT$XCA                DATA
 0002:00000154 00000004H .CRT$XCU                DATA
 0002:00000158 00000004H .CRT$XCZ                DATA
 0002:0000015c 00000004H .CRT$XIA                DATA
 0002:00000160 00000014H .CRT$XIC                DATA
 0002:00000174 00000004H .CRT$XIZ                DATA
 0002:00000178 00000004H .CRT$XPA                DATA
 0002:0000017c 00000004H .CRT$XPX                DATA
 0002:00000180 00000004H .CRT$XPXA               DATA
 0002:00000184 00000004H .CRT$XPZ                DATA
 0002:00000188 00000004H .CRT$XTA                DATA
 0002:0000018c 00000004H .CRT$XTZ                DATA
 0002:00000190 00006130H .rdata                  DATA
 0002:000062c0 00000059H .rdata$debug            DATA
 0002:00006320 00000010H .rdata$sxdata           DATA
 0002:00006330 00000004H .rtc$IAA                DATA
 0002:00006334 00000004H .rtc$IZZ                DATA
 0002:00006338 00000004H .rtc$TAA                DATA
 0002:0000633c 00000004H .rtc$TZZ                DATA
 0002:00006340 00000404H .xdata$x                DATA
 0002:00006744 00000014H .idata$2                DATA
 0002:00006758 00000014H .idata$3                DATA
 0002:0000676c 00000150H .idata$4                DATA
 0002:000068bc 0000060aH .idata$6                DATA
 0002:00006ed0 00002d95H .edata                  DATA
 0003:00000000 00001f00H .data                   DATA
 0003:00001f00 000040c4H .bss                    DATA

  Address         Publics by Value              Rva+Base       Lib:Object

 0000:00000000       __except_list              00000000     <absolute>
 0000:00000004       ___safe_se_handler_count   00000004     <absolute>
 0000:00000000       ___ImageBase               10000000     <linker-defined>
 0001:00000000       _DllMain@12                10001000 f   Newton.obj
 0001:00000010       _NewtonGetMemoryUsed       10001010 f   Newton.obj
 0001:00000020       _NewtonSetMemorySystem     10001020 f   Newton.obj
 0001:00000050       _NewtonInvalidateCache     10001050 f   Newton.obj
 0001:00000060       _NewtonSetPlatformArchitecture 10001060 f   Newton.obj
 0001:00000070       _NewtonGetPlatformArchitecture 10001070 f   Newton.obj
 0001:00000080       _NewtonSetThreadsCount     10001080 f   Newton.obj
 0001:00000090       _NewtonGetThreadsCount     10001090 f   Newton.obj
 0001:000000a0       _NewtonSetMultiThreadSolverOnSingleIsland 100010a0 f   Newton.obj
 0001:000000b0       _NewtonGetMultiThreadSolverOnSingleIsland 100010b0 f   Newton.obj
 0001:000000c0       _NewtonSetSolverModel      100010c0 f   Newton.obj
 0001:000000d0       _NewtonSetFrictionModel    100010d0 f   Newton.obj
 0001:000000e0       _NewtonSetPerformanceClock 100010e0 f   Newton.obj
 0001:000000f0       _NewtonReadPerformanceTicks 100010f0 f   Newton.obj
 0001:00000100       _NewtonCollisionUpdate     10001100 f   Newton.obj
 0001:00000130       _NewtonSetIslandUpdateEvent 10001130 f   Newton.obj
 0001:00000140       _NewtonSetCollisionDestructor 10001140 f   Newton.obj
 0001:00000150       _NewtonSetDestroyBodyByExeciveForce 10001150 f   Newton.obj
 0001:00000160       _NewtonSetBodyLeaveWorldEvent 10001160 f   Newton.obj
 0001:00000170       _NewtonWorldGetVersion     10001170 f   Newton.obj
 0001:00000180       _NewtonWorldSetUserData    10001180 f   Newton.obj
 0001:00000190       _NewtonWorldGetUserData    10001190 f   Newton.obj
 0001:000001a0       _NewtonWorldSetDestructorCallBack 100011a0 f   Newton.obj
 0001:000001b0       _NewtonWorldGetDestructorCallBack 100011b0 f   Newton.obj
 0001:000001c0       _NewtonWorldGetBodyCount   100011c0 f   Newton.obj
 0001:000001d0       _NewtonWorldGetConstraintCount 100011d0 f   Newton.obj
 0001:000001e0       _NewtonIslandGetBody       100011e0 f   Newton.obj
 0001:00000200       _NewtonMaterialGetDefaultGroupID 10001200 f   Newton.obj
 0001:00000210       _NewtonMaterialCreateGroupID 10001210 f   Newton.obj
 0001:00000220       _NewtonMaterialDestroyAllGroupID 10001220 f   Newton.obj
 0001:00000230       _NewtonMaterialSetDefaultCollidable 10001230 f   Newton.obj
 0001:00000260       _NewtonMaterialSetContinuousCollisionMode 10001260 f   Newton.obj
 0001:00000290       _NewtonWorldGetFirstMaterial 10001290 f   Newton.obj
 0001:000002a0       _NewtonWorldGetNextMaterial 100012a0 f   Newton.obj
 0001:000002b0       _NewtonMaterialGetContactPositionAndNormal 100012b0 f   Newton.obj
 0001:000002e0       _NewtonMaterialGetContactTangentDirections 100012e0 f   Newton.obj
 0001:00000310       _NewtonMaterialSetContactFrictionState 10001310 f   Newton.obj
 0001:00000350       _NewtonMaterialSetContactNormalAcceleration 10001350 f   Newton.obj
 0001:00000370       _NewtonMaterialSetContactTangentAcceleration 10001370 f   Newton.obj
 0001:000003a0       _NewtonCreateNull          100013a0 f   Newton.obj
 0001:000003b0       _NewtonCreateBox           100013b0 f   Newton.obj
 0001:00000410       _NewtonCreateSphere        10001410 f   Newton.obj
 0001:00000510       _NewtonCreateCone          10001510 f   Newton.obj
 0001:00000570       _NewtonCreateCapsule       10001570 f   Newton.obj
 0001:000005d0       _NewtonCreateCylinder      100015d0 f   Newton.obj
 0001:00000630       _NewtonCreateChamferCylinder 10001630 f   Newton.obj
 0001:00000690       _NewtonCreateConvexHullFromMesh 10001690 f   Newton.obj
 0001:000006c0       _NewtonConvexHullModifierGetMatrix 100016c0 f   Newton.obj
 0001:000006f0       _NewtonConvexHullModifierSetMatrix 100016f0 f   Newton.obj
 0001:00000710       _NewtonCollisionIsTriggerVolume 10001710 f   Newton.obj
 0001:00000730       _NewtonCollisionSetAsTriggerVolume 10001730 f   Newton.obj
 0001:00000750       _NewtonCollisionSetMaxBreakImpactImpulse 10001750 f   Newton.obj
 0001:00000770       _NewtonCollisionGetMaxBreakImpactImpulse 10001770 f   Newton.obj
 0001:00000780       _NewtonConvexCollisionCalculateVolume 10001780 f   Newton.obj
 0001:00000790       _NewtonTreeCollisionSetUserRayCastCallback 10001790 f   Newton.obj
 0001:000007a0       _NewtonTreeCollisionBeginBuild 100017a0 f   Newton.obj
 0001:000007b0       _NewtonTreeCollisionAddFace 100017b0 f   Newton.obj
 0001:000007d0       _NewtonTreeCollisionEndBuild 100017d0 f   Newton.obj
 0001:000007e0       _NewtonSceneCollisionCreateProxy 100017e0 f   Newton.obj
 0001:000007f0       _NewtonSceneCollisionDestroyProxy 100017f0 f   Newton.obj
 0001:00000800       _NewtonSceneCollisionOptimize 10001800 f   Newton.obj
 0001:00000810       _NewtonCollisionPointDistance 10001810 f   Newton.obj
 0001:00000840       _NewtonCollisionClosestPoint 10001840 f   Newton.obj
 0001:00000880       _NewtonCollisionCollide    10001880 f   Newton.obj
 0001:000008c0       _NewtonCollisionCollideContinue 100018c0 f   Newton.obj
 0001:00000920       _NewtonCollisionForEachPolygonDo 10001920 f   Newton.obj
 0001:00000960       _NewtonCollisionMakeUnique 10001960 f   Newton.obj
 0001:00000970       _NewtonReleaseCollision    10001970 f   Newton.obj
 0001:00000980       _NewtonCollisionSerialize  10001980 f   Newton.obj
 0001:000009a0       _NewtonCreateCollisionFromSerialization 100019a0 f   Newton.obj
 0001:000009c0       _NewtonCollisionGetInfo    100019c0 f   Newton.obj
 0001:000009e0       _NewtonGetEulerAngle       100019e0 f   Newton.obj
 0001:00000a10       _NewtonCalculateSpringDamperAcceleration 10001a10 f   Newton.obj
 0001:00000a80       _NewtonCreateBody          10001a80 f   Newton.obj
 0001:00000a90       _NewtonDestroyBody         10001a90 f   Newton.obj
 0001:00000aa0       _NewtonBodySetMatrix       10001aa0 f   Newton.obj
 0001:00000ae0       _NewtonBodyGetFirstJoint   10001ae0 f   Newton.obj
 0001:00000af0       _NewtonBodyGetNextJoint    10001af0 f   Newton.obj
 0001:00000b00       _NewtonBodyGetFirstContactJoint 10001b00 f   Newton.obj
 0001:00000b10       _NewtonBodyGetNextContactJoint 10001b10 f   Newton.obj
 0001:00000b20       _NewtonBodySetCollision    10001b20 f   Newton.obj
 0001:00000b30       _NewtonBodySetFreezeState  10001b30 f   Newton.obj
 0001:00000b50       _NewtonBallSetUserCallback 10001b50 f   Newton.obj
 0001:00000b60       _NewtonBallGetJointAngle   10001b60 f   Newton.obj
 0001:00000b90       _NewtonBallGetJointOmega   10001b90 f   Newton.obj
 0001:00000bc0       _NewtonBallGetJointForce   10001bc0 f   Newton.obj
 0001:00000bf0       _NewtonHingeCalculateStopAlpha 10001bf0 f   Newton.obj
 0001:00000c10       _NewtonHingeGetJointForce  10001c10 f   Newton.obj
 0001:00000c40       _NewtonHingeSetUserCallback 10001c40 f   Newton.obj
 0001:00000c40       _NewtonSliderSetUserCallback 10001c40 f   Newton.obj
 0001:00000c50       _NewtonHingeGetJointAngle  10001c50 f   Newton.obj
 0001:00000c50       _NewtonCorkscrewGetJointAngle 10001c50 f   Newton.obj
 0001:00000c50       _NewtonUniversalGetJointAngle0 10001c50 f   Newton.obj
 0001:00000c50       _NewtonSliderGetJointPosit 10001c50 f   Newton.obj
 0001:00000c60       _NewtonSliderCalculateStopAccel 10001c60 f   Newton.obj
 0001:00000c80       _NewtonSliderGetJointForce 10001c80 f   Newton.obj
 0001:00000cb0       _NewtonCorkscrewSetUserCallback 10001cb0 f   Newton.obj
 0001:00000cb0       _NewtonUniversalSetUserCallback 10001cb0 f   Newton.obj
 0001:00000cc0       _NewtonCorkscrewGetJointPosit 10001cc0 f   Newton.obj
 0001:00000cc0       _NewtonUniversalGetJointAngle1 10001cc0 f   Newton.obj
 0001:00000cd0       _NewtonSliderGetJointVeloc 10001cd0 f   Newton.obj
 0001:00000cd0       _NewtonCorkscrewGetJointVeloc 10001cd0 f   Newton.obj
 0001:00000ce0       _NewtonUniversalCalculateStopAlpha0 10001ce0 f   Newton.obj
 0001:00000ce0       _NewtonCorkscrewCalculateStopAlpha 10001ce0 f   Newton.obj
 0001:00000d00       _NewtonCorkscrewCalculateStopAccel 10001d00 f   Newton.obj
 0001:00000d20       _NewtonUniversalGetJointForce 10001d20 f   Newton.obj
 0001:00000d20       _NewtonCorkscrewGetJointForce 10001d20 f   Newton.obj
 0001:00000d50       _NewtonHingeGetJointOmega  10001d50 f   Newton.obj
 0001:00000d50       _NewtonCorkscrewGetJointOmega 10001d50 f   Newton.obj
 0001:00000d50       _NewtonUniversalGetJointOmega0 10001d50 f   Newton.obj
 0001:00000d60       _NewtonUniversalGetJointOmega1 10001d60 f   Newton.obj
 0001:00000d70       _NewtonUniversalCalculateStopAlpha1 10001d70 f   Newton.obj
 0001:00000d90       _NewtonUpVectorGetPin      10001d90 f   Newton.obj
 0001:00000dc0       _NewtonUserJointAddGeneralRow 10001dc0 f   Newton.obj
 0001:00000de0       _NewtonUserJointSetRowMaximumFriction 10001de0 f   Newton.obj
 0001:00000e00       _NewtonUserJointSetRowMinimumFriction 10001e00 f   Newton.obj
 0001:00000e20       _NewtonUserJointSetRowAcceleration 10001e20 f   Newton.obj
 0001:00000e40       _NewtonUserJointSetRowSpringDamperAcceleration 10001e40 f   Newton.obj
 0001:00000e60       _NewtonUserJointSetRowStiffness 10001e60 f   Newton.obj
 0001:00000e80       _NewtonUserJointGetRowForce 10001e80 f   Newton.obj
 0001:00000e90       _NewtonUserJointSetFeedbackCollectorCallback 10001e90 f   Newton.obj
 0001:00000ea0       _NewtonJointSetUserData    10001ea0 f   Newton.obj
 0001:00000eb0       _NewtonJointGetUserData    10001eb0 f   Newton.obj
 0001:00000ec0       _NewtonJointGetInfo        10001ec0 f   Newton.obj
 0001:00000ee0       _NewtonJointSetStiffness   10001ee0 f   Newton.obj
 0001:00000f00       _NewtonJointGetStiffness   10001f00 f   Newton.obj
 0001:00000f10       _NewtonJointSetDestructor  10001f10 f   Newton.obj
 0001:00000f20       _NewtonDestroyJoint        10001f20 f   Newton.obj
 0001:00000f30       _NewtonMeshDestroy         10001f30 f   Newton.obj
 0001:00000f50       _NewtonMeshCalculateVertexNormals 10001f50 f   Newton.obj
 0001:00000f70       _NewtonMeshApplySphericalMapping 10001f70 f   Newton.obj
 0001:00000f80       _NewtonMeshApplyBoxMapping 10001f80 f   Newton.obj
 0001:00000fa0       _NewtonMeshApplyCylindricalMapping 10001fa0 f   Newton.obj
 0001:00000fc0       _NewtonMeshIsOpenMesh      10001fc0 f   Newton.obj
 0001:00000fe0       _NewtonMeshPolygonize      10001fe0 f   Newton.obj
 0001:00000ff0       _NewtonMeshClip            10001ff0 f   Newton.obj
 0001:00001020       _NewtonMeshUnion           10002020 f   Newton.obj
 0001:00001020       _NewtonMeshIntersection    10002020 f   Newton.obj
 0001:00001020       _NewtonMeshDifference      10002020 f   Newton.obj
 0001:00001040       _NewtonMeshBeginFace       10002040 f   Newton.obj
 0001:00001050       _NewtonMeshAddFace         10002050 f   Newton.obj
 0001:00001070       _NewtonMeshEndFace         10002070 f   Newton.obj
 0001:00001080       _NewtonMeshGetVertexStreams 10002080 f   Newton.obj
 0001:000010c0       _NewtonMeshGetIndirectVertexStreams 100020c0 f   Newton.obj
 0001:00001120       _NewtonMeshBeginHandle     10002120 f   Newton.obj
 0001:00001130       _NewtonMeshEndHandle       10002130 f   Newton.obj
 0001:00001140       _NewtonMeshFirstMaterial   10002140 f   Newton.obj
 0001:00001150       _NewtonMeshNextMaterial    10002150 f   Newton.obj
 0001:00001170       _NewtonMeshMaterialGetIndexStream 10002170 f   Newton.obj
 0001:00001190       _NewtonMeshMaterialGetIndexStreamShort 10002190 f   Newton.obj
 0001:000011b0       _NewtonMeshGetTotalFaceCount 100021b0 f   Newton.obj
 0001:000011c0       _NewtonMeshGetTotalIndexCount 100021c0 f   Newton.obj
 0001:000011d0       _NewtonMeshGetFaces        100021d0 f   Newton.obj
 0001:000011f0       ?dgGetUserLock@dgWorld@@QAEXXZ 100021f0 f i Newton.obj
 0001:00001210       ?dgReleasedUserLock@dgWorld@@QAEXXZ 10002210 f i Newton.obj
 0001:00001230       ?Scale@?$dgTemplateVector@M@@QBE?AV1@M@Z 10002230 f i Newton.obj
 0001:00001260       ??H?$dgTemplateVector@M@@QBE?AV0@ABV0@@Z 10002260 f i Newton.obj
 0001:00001290       ??G?$dgTemplateVector@M@@QBE?AV0@ABV0@@Z 10002290 f i Newton.obj
 0001:000012c0       ??D?$dgTemplateVector@M@@QBE?AV0@ABV0@@Z 100022c0 f i Newton.obj
 0001:00001300       _NewtonWorldCriticalSectionLock 10002300 f   Newton.obj
 0001:00001320       _NewtonWorldCriticalSectionUnlock 10002320 f   Newton.obj
 0001:00001340       _NewtonUpdate              10002340 f   Newton.obj
 0001:00001410       _NewtonSetMinimumFrameRate 10002410 f   Newton.obj
 0001:00001470       _NewtonWorldGetFirstBody   10002470 f   Newton.obj
 0001:00001490       _NewtonWorldGetNextBody    10002490 f   Newton.obj
 0001:000014b0       _NewtonIslandGetBodyAABB   100024b0 f   Newton.obj
 0001:00001510       _NewtonMaterialSetSurfaceThickness 10002510 f   Newton.obj
 0001:00001570       _NewtonMaterialSetDefaultFriction 10002570 f   Newton.obj
 0001:00001650       _NewtonMaterialSetDefaultElasticity 10002650 f   Newton.obj
 0001:000016b0       _NewtonMaterialSetDefaultSoftness 100026b0 f   Newton.obj
 0001:00001710       _NewtonMaterialSetCollisionCallback 10002710 f   Newton.obj
 0001:00001750       _NewtonMaterialGetUserData 10002750 f   Newton.obj
 0001:00001770       _NewtonMaterialGetMaterialPairUserData 10002770 f   Newton.obj
 0001:00001780       _NewtonMaterialGetContactNormalSpeed 10002780 f   Newton.obj
 0001:00001920       _NewtonMaterialGetContactForce 10002920 f   Newton.obj
 0001:00001a10       _NewtonMaterialGetBodyCollisionID 10002a10 f   Newton.obj
 0001:00001a30       _NewtonMaterialSetContactSoftness 10002a30 f   Newton.obj
 0001:00001a90       _NewtonMaterialSetContactElasticity 10002a90 f   Newton.obj
 0001:00001af0       _NewtonMaterialSetContactFrictionCoef 10002af0 f   Newton.obj
 0001:00001c00       _NewtonCreateConvexHull    10002c00 f   Newton.obj
 0001:00001c90       _NewtonCreateConvexHullModifier 10002c90 f   Newton.obj
 0001:00001cb0       _NewtonCreateCompoundCollision 10002cb0 f   Newton.obj
 0001:00001cd0       _NewtonCreateCompoundBreakable 10002cd0 f   Newton.obj
 0001:00001d10       _NewtonCompoundBreakableResetAnchoredPieces 10002d10 f   Newton.obj
 0001:00001d30       _NewtonCompoundBreakableSetAnchoredPieces 10002d30 f   Newton.obj
 0001:00001d60       _NewtonBreakableBeginDelete 10002d60 f   Newton.obj
 0001:00001d80       _NewtonBreakableCreateDebrieBody 10002d80 f   Newton.obj
 0001:00001da0       _NewtonBreakableDeleteComponent 10002da0 f   Newton.obj
 0001:00001dc0       _NewtonBreakableEndDelete  10002dc0 f   Newton.obj
 0001:00001de0       _NewtonBreakableGetNextComponent 10002de0 f   Newton.obj
 0001:00001e00       _NewtonCompoundBreakableGetVertexCount 10002e00 f   Newton.obj
 0001:00001e20       _NewtonCompoundBreakableGetVertexStreams 10002e20 f   Newton.obj
 0001:00001e60       _NewtonBreakableGetFirstSegment 10002e60 f   Newton.obj
 0001:00001e70       _NewtonBreakableGetNextSegment 10002e70 f   Newton.obj
 0001:00001e80       _NewtonBreakableSegmentGetIndexCount 10002e80 f   Newton.obj
 0001:00001e90       _NewtonBreakableSegmentGetIndexStream 10002e90 f   Newton.obj
 0001:00001ec0       _NewtonBreakableSegmentGetIndexStreamShort 10002ec0 f   Newton.obj
 0001:00001ef0       _NewtonCollisionSetUserID  10002ef0 f   Newton.obj
 0001:00001f00       _NewtonCollisionGetUserID  10002f00 f   Newton.obj
 0001:00001f10       _NewtonConvexHullGetFaceIndices 10002f10 f   Newton.obj
 0001:00001f30       _NewtonCreateTreeCollision 10002f30 f   Newton.obj
 0001:00001f50       _NewtonStaticCollisionSetDebugCallback 10002f50 f   Newton.obj
 0001:00001f80       _NewtonTreeCollisionGetFaceAtribute 10002f80 f   Newton.obj
 0001:00001f90       _NewtonTreeCollisionSetFaceAtribute 10002f90 f   Newton.obj
 0001:00001fa0       _NewtonCreateHeightFieldCollision 10002fa0 f   Newton.obj
 0001:00001fe0       _NewtonCreateSceneCollision 10002fe0 f   Newton.obj
 0001:00002000       _NewtonSceneProxySetMatrix 10003000 f   Newton.obj
 0001:00002020       _NewtonSceneProxyGetMatrix 10003020 f   Newton.obj
 0001:00002050       _NewtonAddCollisionReference 10003050 f   Newton.obj
 0001:00002060       _NewtonBodySetUserData     10003060 f   Newton.obj
 0001:00002070       _NewtonBodyGetUserData     10003070 f   Newton.obj
 0001:00002080       _NewtonBodyGetWorld        10003080 f   Newton.obj
 0001:00002090       _NewtonBodySetTransformCallback 10003090 f   Newton.obj
 0001:000020a0       _NewtonBodyGetTransformCallback 100030a0 f   Newton.obj
 0001:000020b0       _NewtonBodySetForceAndTorqueCallback 100030b0 f   Newton.obj
 0001:000020c0       _NewtonBodyGetForceAndTorqueCallback 100030c0 f   Newton.obj
 0001:000020d0       _NewtonBodySetDestructorCallback 100030d0 f   Newton.obj
 0001:000020e0       _NewtonBodyGetMassMatrix   100030e0 f   Newton.obj
 0001:00002160       _NewtonBodyGetInvMass      10003160 f   Newton.obj
 0001:000021e0       _NewtonBodySetMatrixRecursive 100031e0 f   Newton.obj
 0001:00002220       _NewtonBodyGetMatrix       10003220 f   Newton.obj
 0001:00002240       _NewtonBodyGetRotation     10003240 f   Newton.obj
 0001:00002270       _NewtonBodyGetForceAcc     10003270 f   Newton.obj
 0001:000022c0       _NewtonBodyGetForce        100032c0 f   Newton.obj
 0001:00002310       _NewtonBodyGetTorque       10003310 f   Newton.obj
 0001:00002360       _NewtonBodyGetTorqueAcc    10003360 f   Newton.obj
 0001:000023b0       _NewtonBodyGetCentreOfMass 100033b0 f   Newton.obj
 0001:00002400       _NewtonContactJointGetContactCount 10003400 f   Newton.obj
 0001:00002420       _NewtonContactJointGetFirstContact 10003420 f   Newton.obj
 0001:00002450       _NewtonContactJointGetNextContact 10003450 f   Newton.obj
 0001:00002480       _NewtonContactGetMaterial  10003480 f   Newton.obj
 0001:00002490       _NewtonBodyGetCollision    10003490 f   Newton.obj
 0001:000024a0       _NewtonBodySetMaterialGroupID 100034a0 f   Newton.obj
 0001:000024b0       _NewtonBodyGetMaterialGroupID 100034b0 f   Newton.obj
 0001:000024c0       _NewtonBodySetContinuousCollisionMode 100034c0 f   Newton.obj
 0001:000024e0       _NewtonBodyGetContinuousCollisionMode 100034e0 f   Newton.obj
 0001:00002500       _NewtonBodySetJointRecursiveCollision 10003500 f   Newton.obj
 0001:00002530       _NewtonBodyGetJointRecursiveCollision 10003530 f   Newton.obj
 0001:00002550       _NewtonBodyGetFreezeState  10003550 f   Newton.obj
 0001:00002560       _NewtonBodySetAutoSleep    10003560 f   Newton.obj
 0001:00002590       _NewtonBodyGetAutoSleep    10003590 f   Newton.obj
 0001:000025b0       _NewtonBodyGetSleepState   100035b0 f   Newton.obj
 0001:000025c0       _NewtonBodyGetVelocity     100035c0 f   Newton.obj
 0001:00002610       _NewtonBodyGetOmega        10003610 f   Newton.obj
 0001:00002660       _NewtonBodyGetLinearDamping 10003660 f   Newton.obj
 0001:00002680       _NewtonConstraintCreateUserJoint 10003680 f   Newton.obj
 0001:000026d0       _NewtonBreakableSegmentGetMaterial 100036d0 f   Newton.obj
 0001:000026d0       _NewtonJointGetBody0       100036d0 f   Newton.obj
 0001:000026e0       _NewtonJointGetBody1       100036e0 f   Newton.obj
 0001:00002700       _NewtonJointSetCollisionState 10003700 f   Newton.obj
 0001:00002720       _NewtonJointGetCollisionState 10003720 f   Newton.obj
 0001:00002730       _NewtonMeshCreate          10003730 f   Newton.obj
 0001:00002760       _NewtonMeshCreateFromCollision 10003760 f   Newton.obj
 0001:00002790       _NewtonMeshCreatePlane     10003790 f   Newton.obj
 0001:000027f0       _NewtonMaterialGetContactFaceAttribute 100037f0 f   Newton.obj
 0001:000027f0       _NewtonMeshGetVertexCount  100037f0 f   Newton.obj
 0001:00002800       _NewtonMeshMaterialGetMaterial 10003800 f   Newton.obj
 0001:00002810       _NewtonMeshMaterialGetIndexCount 10003810 f   Newton.obj
 0001:00002820       _NewtonMeshCreateFirstSingleSegment 10003820 f   Newton.obj
 0001:00002890       _NewtonMeshCreateNextSingleSegment 10003890 f   Newton.obj
 0001:00002900       ?Unlink@?$dgList@VdgContactMaterial@@@@QAEXPAVdgListNode@1@@Z 10003900 f i Newton.obj
 0001:00002970       ?SetCentreOfMass@dgBody@@QAEXABVdgVector@@@Z 10003970 f i Newton.obj
 0001:00002a50       ?SetAngularDamping@dgBody@@QAEXABVdgVector@@@Z 10003a50 f i Newton.obj
 0001:00002b40       ?SetForce@dgBody@@QAEXABVdgVector@@@Z 10003b40 f i Newton.obj
 0001:00002c00       ?SetTorque@dgBody@@QAEXABVdgVector@@@Z 10003c00 f i Newton.obj
 0001:00002cc0       _NewtonDestroy             10003cc0 f   Newton.obj
 0001:00002d20       _NewtonSetWorldSize        10003d20 f   Newton.obj
 0001:00002d80       _NewtonWorldForEachBodyInAABBDo 10003d80 f   Newton.obj
 0001:00002de0       _NewtonWorldRayCast        10003de0 f   Newton.obj
 0001:00002e50       _NewtonWorldConvexCast     10003e50 f   Newton.obj
 0001:00002eb0       _NewtonMaterialGetContactTangentSpeed 10003eb0 f   Newton.obj
 0001:00003090       _NewtonMaterialSetContactNormalDirection 10004090 f   Newton.obj
 0001:00003350       _NewtonMaterialContactRotateTangentDirections 10004350 f   Newton.obj
 0001:000034c0       _NewtonBreakableGetMainMesh 100044c0 f   Newton.obj
 0001:000034e0       _NewtonBreakableGetFirstComponent 100044e0 f   Newton.obj
 0001:00003510       _NewtonBreakableGetComponentsInRadius 10004510 f   Newton.obj
 0001:00003560       _NewtonConvexCollisionCalculateInertialMatrix 10004560 f   Newton.obj
 0001:000035b0       _NewtonCreateUserMeshCollision 100045b0 f   Newton.obj
 0001:00003640       _NewtonTreeCollisionGetVertexListIndexListInAABB 10004640 f   Newton.obj
 0001:000036f0       _NewtonCollisionSupportVertex 100046f0 f   Newton.obj
 0001:00003880       _NewtonCollisionCalculateAABB 10004880 f   Newton.obj
 0001:000038e0       _NewtonSetEulerAngle       100048e0 f   Newton.obj
 0001:00003ce0       _NewtonBodySetMassMatrix   10004ce0 f   Newton.obj
 0001:00003e60       _NewtonBodySetForce        10004e60 f   Newton.obj
 0001:00003ea0       _NewtonBodyCalculateInverseDynamicsForce 10004ea0 f   Newton.obj
 0001:00003f00       _NewtonBodySetTorque       10004f00 f   Newton.obj
 0001:00003f40       _NewtonBodySetCentreOfMass 10004f40 f   Newton.obj
 0001:00003f80       _NewtonBodyAddBuoyancyForce 10004f80 f   Newton.obj
 0001:00003fe0       _NewtonBodyGetAABB         10004fe0 f   Newton.obj
 0001:00004060       _NewtonBodySetVelocity     10005060 f   Newton.obj
 0001:000040c0       _NewtonBodySetOmega        100050c0 f   Newton.obj
 0001:00004120       _NewtonBodySetLinearDamping 10005120 f   Newton.obj
 0001:00004170       _NewtonBodySetAngularDamping 10005170 f   Newton.obj
 0001:000041b0       _NewtonBodyGetAngularDamping 100051b0 f   Newton.obj
 0001:00004210       _NewtonBodyAddImpulse      10005210 f   Newton.obj
 0001:00004270       _NewtonConstraintCreateBall 10005270 f   Newton.obj
 0001:000042b0       _NewtonBallSetConeLimits   100052b0 f   Newton.obj
 0001:00004610       _NewtonConstraintCreateHinge 10005610 f   Newton.obj
 0001:00004670       _NewtonConstraintCreateSlider 10005670 f   Newton.obj
 0001:000046d0       _NewtonConstraintCreateCorkscrew 100056d0 f   Newton.obj
 0001:00004730       _NewtonConstraintCreateUniversal 10005730 f   Newton.obj
 0001:000047b0       _NewtonConstraintCreateUpVector 100057b0 f   Newton.obj
 0001:000047f0       _NewtonUpVectorSetPin      100057f0 f   Newton.obj
 0001:00004830       _NewtonUserJointAddLinearRow 10005830 f   Newton.obj
 0001:00004930       _NewtonUserJointAddAngularRow 10005930 f   Newton.obj
 0001:000049f0       _NewtonMeshCalculateOOBB   100059f0 f   Newton.obj
 0001:00004a40       ?AddForce@dgBody@@QAEXABVdgVector@@@Z 10005a40 f i Newton.obj
 0001:00004ab0       ?AddTorque@dgBody@@QAEXABVdgVector@@@Z 10005ab0 f i Newton.obj
 0001:00004b20       _NewtonCreate              10005b20 f   Newton.obj
 0001:00004bf0       _NewtonDestroyAllBodies    10005bf0 f   Newton.obj
 0001:00004c40       _NewtonCollisionRayCast    10005c40 f   Newton.obj
 0001:00004e40       _NewtonBodyAddForce        10005e40 f   Newton.obj
 0001:00004e80       _NewtonBodyAddTorque       10005e80 f   Newton.obj
 0001:00004ec0       _NewtonContactJointRemoveContact 10005ec0 f   Newton.obj
 0001:00004f00       _NewtonWorldForEachJointDo 10005f00 f   Newton.obj
 0001:00004fd0       ?DefaultAllocMemory@Newton@@SAPAXH@Z 10005fd0 f   NewtonClass.obj
 0001:00004fd0       ?__malloc__@dgGlobalAllocator@@SAPAXI@Z 10005fd0 f   corelib_2009:dgMemory.obj
 0001:00004fe0       ?DefaultFreeMemory@Newton@@SAXPAXH@Z 10005fe0 f   NewtonClass.obj
 0001:00004fe0       ?__free__@dgGlobalAllocator@@SAXPAXI@Z 10005fe0 f   corelib_2009:dgMemory.obj
 0001:00004ff0       ?JacobianDerivative@NewtonUserJoint@@UAEIAAVdgContraintDescritor@@@Z 10005ff0 f   NewtonClass.obj
 0001:00005030       ?SetAcceleration@NewtonUserJoint@@QAEXM@Z 10006030 f   NewtonClass.obj
 0001:00005060       ?SetSpringDamperAcceleration@NewtonUserJoint@@QAEXMM@Z 10006060 f   NewtonClass.obj
 0001:000050e0       ?GetRowForce@NewtonUserJoint@@QBEMH@Z 100060e0 f   NewtonClass.obj
 0001:00005110       ?GetInfo@NewtonUserJoint@@UBEXPAVdgConstraintInfo@@@Z 10006110 f   NewtonClass.obj
 0001:00005150       ?SetHighFriction@NewtonUserJoint@@QAEXM@Z 10006150 f   NewtonClass.obj
 0001:000051c0       ?SetLowerFriction@NewtonUserJoint@@QAEXM@Z 100061c0 f   NewtonClass.obj
 0001:00005240       ?SetRowStiffness@NewtonUserJoint@@QAEXM@Z 10006240 f   NewtonClass.obj
 0001:000052b0       ?SetUpdateFeedbackFunction@NewtonUserJoint@@QAEXP6AXPBUNewtonJoint@@MH@Z@Z 100062b0 f   NewtonClass.obj
 0001:000052c0       ?DestroyJoints@NewtonDeadJoints@@QAEXAAVNewton@@@Z 100062c0 f   NewtonClass.obj
 0001:00005320       ??1Newton@@QAE@XZ          10006320 f   NewtonClass.obj
 0001:00005380       ??0NewtonUserJoint@@QAE@PAVdgWorld@@HP6AXPBUNewtonJoint@@MH@ZP6AX1PAUNewtonJointRecord@@@ZPAVdgBody@@5@Z 10006380 f   NewtonClass.obj
 0001:00005430       ??_GNewtonUserJoint@@UAEPAXI@Z 10006430 f i NewtonClass.obj
 0001:00005430       ??_ENewtonUserJoint@@UAEPAXI@Z 10006430 f i NewtonClass.obj
 0001:00005480       ?AddAngularRowJacobian@NewtonUserJoint@@QAEXABVdgVector@@M@Z 10006480 f   NewtonClass.obj
 0001:00005550       ?AddGeneralRowJacobian@NewtonUserJoint@@QAEXPBM0@Z 10006550 f   NewtonClass.obj
 0001:00005610       ?AddLinearRowJacobian@NewtonUserJoint@@QAEXABVdgVector@@00@Z 10006610 f   NewtonClass.obj
 0001:000056d0       ??0Newton@@QAE@MQAVdgMemoryAllocator@@@Z 100066d0 f   NewtonClass.obj
 0001:00005750       ?DestroyJoint@Newton@@QAEXPAVdgConstraint@@@Z 10006750 f   NewtonClass.obj
 0001:00005780       ?DestroyBody@Newton@@QAEXPAVdgBody@@@Z 10006780 f   NewtonClass.obj
 0001:000057b0       ?DestroyBodies@NewtonDeadBodies@@QAEXAAVNewton@@@Z 100067b0 f   NewtonClass.obj
 0001:00005830       ?UpdatePhysics@Newton@@QAEXM@Z 10006830 f   NewtonClass.obj
 0001:00005870       ?ModifierGetMatrix@dgCollision@@UBE?AVdgMatrix@@XZ 10006870 f i physics_2009:dgWorld.obj
 0001:00005890       ?Release@dgCollision@@UAEHXZ 10006890 f i physics_2009:dgWorld.obj
 0001:000058b0       ?GetBreakImpulse@dgCollision@@UBEMXZ 100068b0 f i physics_2009:dgWorld.obj
 0001:000058c0       ?GetSentinelBody@dgWorld@@QBEPAVdgBody@@XZ 100068c0 f   physics_2009:dgWorld.obj
 0001:000058d0       ?SetFrictionMode@dgWorld@@QAEXH@Z 100068d0 f   physics_2009:dgWorld.obj
 0001:000058e0       ?SetHardwareMode@dgWorld@@QAEXH@Z 100068e0 f   physics_2009:dgWorld.obj
 0001:00005910       ?GetHardwareMode@dgWorld@@QAEHPAD@Z 10006910 f   physics_2009:dgWorld.obj
 0001:00005960       ?ThreadExecute@dgSetTrreadRoundMode@dgWorld@@UAEXXZ 10006960 f   physics_2009:dgWorld.obj
 0001:00005980       ?SetThreadsCount@dgWorld@@QAEXH@Z 10006980 f   physics_2009:dgWorld.obj
 0001:000059e0       ?GetThreadsCount@dgWorld@@QBEHXZ 100069e0 f   physics_2009:dgWorld.obj
 0001:000059f0       ?EnableThreadOnSingleIsland@dgWorld@@QAEXH@Z 100069f0 f   physics_2009:dgWorld.obj
 0001:00005a10       ?GetThreadOnSingleIsland@dgWorld@@QBEHXZ 10006a10 f   physics_2009:dgWorld.obj
 0001:00005a20       ?DestroyConstraint@dgWorld@@QAEXPAVdgConstraint@@@Z 10006a20 f   physics_2009:dgWorld.obj
 0001:00005a40       ?UpdateCollision@dgWorld@@QAEXXZ 10006a40 f   physics_2009:dgWorld.obj
 0001:00005b30       ?Update@dgWorld@@QAEXM@Z   10006b30 f   physics_2009:dgWorld.obj
 0001:00005c90       ?SetPerfomanceCounter@dgWorld@@QAEXP6AIXZ@Z 10006c90 f   physics_2009:dgWorld.obj
 0001:00005ce0       ?SetUserData@dgWorld@@QAEXPAX@Z 10006ce0 f   physics_2009:dgWorld.obj
 0001:00005cf0       ?GetUserData@dgWorld@@QBEPAXXZ 10006cf0 f   physics_2009:dgWorld.obj
 0001:00005d00       ?SetIslandUpdateCallback@dgWorld@@QAEXP6AIPBV1@PAXH@Z@Z 10006d00 f   physics_2009:dgWorld.obj
 0001:00005d10       ?SetDestroyCollisionCallback@dgWorld@@QAEXP6AXPBV1@PAVdgCollision@@@Z@Z 10006d10 f   physics_2009:dgWorld.obj
 0001:00005d20       ?SetLeavingWorldCallback@dgWorld@@QAEXP6AXPAVdgBody@@H@Z@Z 10006d20 f   physics_2009:dgWorld.obj
 0001:00005d30       ?SetBodyDestructionByExeciveForce@dgWorld@@QAEXP6AXPBVdgBody@@PBVdgContact@@@Z@Z 10006d30 f   physics_2009:dgWorld.obj
 0001:00005d40       ?CreateBallConstraint@dgWorld@@QAEPAVdgBallConstraint@@ABVdgVector@@PAVdgBody@@1@Z 10006d40 f   physics_2009:dgWorld.obj
 0001:00005d90       ?CreateHingeConstraint@dgWorld@@QAEPAVdgHingeConstraint@@ABVdgVector@@0PAVdgBody@@1@Z 10006d90 f   physics_2009:dgWorld.obj
 0001:00005df0       ?CreateUpVectorConstraint@dgWorld@@QAEPAVdgUpVectorConstraint@@ABVdgVector@@PAVdgBody@@@Z 10006df0 f   physics_2009:dgWorld.obj
 0001:00005e40       ?CreateSlidingConstraint@dgWorld@@QAEPAVdgSlidingConstraint@@ABVdgVector@@0PAVdgBody@@1@Z 10006e40 f   physics_2009:dgWorld.obj
 0001:00005ea0       ?CreateCorkscrewConstraint@dgWorld@@QAEPAVdgCorkscrewConstraint@@ABVdgVector@@0PAVdgBody@@1@Z 10006ea0 f   physics_2009:dgWorld.obj
 0001:00005f00       ?CreateUniversalConstraint@dgWorld@@QAEPAVdgUniversalConstraint@@ABVdgVector@@00PAVdgBody@@1@Z 10006f00 f   physics_2009:dgWorld.obj
 0001:00005f60       ?GetConstraintsCount@dgWorld@@QBEHXZ 10006f60 f   physics_2009:dgWorld.obj
 0001:00005f70       ?AddBodyImpulse@dgWorld@@QAEXPAVdgBody@@ABVdgVector@@1@Z 10006f70 f   physics_2009:dgWorld.obj
 0001:00005fa0       ??_GdgCollisionPoint@@UAEPAXI@Z 10006fa0 f i physics_2009:dgWorld.obj
 0001:00005fa0       ??_EdgCollisionPoint@@UAEPAXI@Z 10006fa0 f i physics_2009:dgWorld.obj
 0001:00005fc0       ??_EdgBroadPhaseCellPairsWorkerThread@@UAEPAXI@Z 10006fc0 f i physics_2009:dgBroadPhaseCollision.obj
 0001:00005fc0       ??_GdgParallelSolverClear@@UAEPAXI@Z 10006fc0 f i physics_2009:dgWorld.obj
 0001:00005fc0       ??_EdgSetTrreadRoundMode@dgWorld@@UAEPAXI@Z 10006fc0 f i physics_2009:dgWorld.obj
 0001:00005fc0       ??_EdgParallelSolverBuildJacobianMatrix@@UAEPAXI@Z 10006fc0 f i physics_2009:dgWorld.obj
 0001:00005fc0       ??_EdgParallelSolverUpdateVeloc@@UAEPAXI@Z 10006fc0 f i physics_2009:dgWorld.obj
 0001:00005fc0       ??_EdgParallelSolverBodyInertia@@UAEPAXI@Z 10006fc0 f i physics_2009:dgWorld.obj
 0001:00005fc0       ??_EdgParallelSolverInitInternalForces@@UAEPAXI@Z 10006fc0 f i physics_2009:dgWorld.obj
 0001:00005fc0       ??_GdgSolverWorlkerThreads@@UAEPAXI@Z 10006fc0 f i physics_2009:dgWorld.obj
 0001:00005fc0       ??_GdgParallelSolverBodyInertia@@UAEPAXI@Z 10006fc0 f i physics_2009:dgWorld.obj
 0001:00005fc0       ??_GdgParallelSolverCalculateForces@@UAEPAXI@Z 10006fc0 f i physics_2009:dgWorld.obj
 0001:00005fc0       ??_GdgParallelSolverBuildJacobianRows@@UAEPAXI@Z 10006fc0 f i physics_2009:dgWorld.obj
 0001:00005fc0       ??_EdgParallelSolverCalculateForces@@UAEPAXI@Z 10006fc0 f i physics_2009:dgWorld.obj
 0001:00005fc0       ??_EdgWorkerThread@@UAEPAXI@Z 10006fc0 f i physics_2009:dgWorld.obj
 0001:00005fc0       ??_EdgBroadPhaseCalculateContactsWorkerThread@@UAEPAXI@Z 10006fc0 f i physics_2009:dgBroadPhaseCollision.obj
 0001:00005fc0       ??_EdgParallelSolverBuildJacobianRows@@UAEPAXI@Z 10006fc0 f i physics_2009:dgWorld.obj
 0001:00005fc0       ??_GdgSetTrreadRoundMode@dgWorld@@UAEPAXI@Z 10006fc0 f i physics_2009:dgWorld.obj
 0001:00005fc0       ??_EdgParallelSolverUpdateForce@@UAEPAXI@Z 10006fc0 f i physics_2009:dgWorld.obj
 0001:00005fc0       ??_GdgBroadPhaseCellPairsWorkerThread@@UAEPAXI@Z 10006fc0 f i physics_2009:dgBroadPhaseCollision.obj
 0001:00005fc0       ??_GdgWorkerThread@@UAEPAXI@Z 10006fc0 f i physics_2009:dgWorld.obj
 0001:00005fc0       ??_GdgParallelSolverUpdateForce@@UAEPAXI@Z 10006fc0 f i physics_2009:dgWorld.obj
 0001:00005fc0       ??_EdgParallelSolverInitFeedbackUpdate@@UAEPAXI@Z 10006fc0 f i physics_2009:dgWorld.obj
 0001:00005fc0       ??_GdgParallelSolverJointAcceleration@@UAEPAXI@Z 10006fc0 f i physics_2009:dgWorld.obj
 0001:00005fc0       ??_EdgBroadPhaseMaterialCallbackWorkerThread@@UAEPAXI@Z 10006fc0 f i physics_2009:dgBroadPhaseCollision.obj
 0001:00005fc0       ??_EdgParallelSolverJointAcceleration@@UAEPAXI@Z 10006fc0 f i physics_2009:dgWorld.obj
 0001:00005fc0       ??_GdgParallelSolverInitInternalForces@@UAEPAXI@Z 10006fc0 f i physics_2009:dgWorld.obj
 0001:00005fc0       ??_EdgSolverWorlkerThreads@@UAEPAXI@Z 10006fc0 f i physics_2009:dgWorld.obj
 0001:00005fc0       ??_EdgBroadPhaseApplyExternalForce@@UAEPAXI@Z 10006fc0 f i physics_2009:dgBroadPhaseCollision.obj
 0001:00005fc0       ??_GdgBroadPhaseCalculateContactsWorkerThread@@UAEPAXI@Z 10006fc0 f i physics_2009:dgBroadPhaseCollision.obj
 0001:00005fc0       ??_GdgParallelSolverBuildJacobianMatrix@@UAEPAXI@Z 10006fc0 f i physics_2009:dgWorld.obj
 0001:00005fc0       ??_GdgParallelSolverUpdateVeloc@@UAEPAXI@Z 10006fc0 f i physics_2009:dgWorld.obj
 0001:00005fc0       ??_GdgBroadPhaseApplyExternalForce@@UAEPAXI@Z 10006fc0 f i physics_2009:dgBroadPhaseCollision.obj
 0001:00005fc0       ??_EdgParallelSolverClear@@UAEPAXI@Z 10006fc0 f i physics_2009:dgWorld.obj
 0001:00005fc0       ??_GdgParallelSolverInitFeedbackUpdate@@UAEPAXI@Z 10006fc0 f i physics_2009:dgWorld.obj
 0001:00005fc0       ??_GdgBroadPhaseMaterialCallbackWorkerThread@@UAEPAXI@Z 10006fc0 f i physics_2009:dgBroadPhaseCollision.obj
 0001:00005fe0       ?SetSolverMode@dgWorld@@QAEXH@Z 10006fe0 f   physics_2009:dgWorld.obj
 0001:00006000       ?RemoveAllGroupID@dgWorld@@QAEXXZ 10007000 f   physics_2009:dgWorld.obj
 0001:00006050       ?DestroyBody@dgWorld@@QAEXPAVdgBody@@@Z 10007050 f   physics_2009:dgWorld.obj
 0001:000060a0       ?GetPerfomanceTicks@dgWorld@@QBEII@Z 100070a0 f   physics_2009:dgWorld.obj
 0001:000060c0       ?GetBodiesCount@dgWorld@@QBEHXZ 100070c0 f   physics_2009:dgWorld.obj
 0001:000060d0       ?AreBodyConnectedByJoints@dgWorld@@AAE_NPAVdgBody@@0@Z 100070d0 f   physics_2009:dgWorld.obj
 0001:000061b0       ?FlushCache@dgWorld@@QAEXXZ 100071b0 f   physics_2009:dgWorld.obj
 0001:00006210       ??0dgWorldDynamicUpdate@@QAE@XZ 10007210 f i physics_2009:dgWorld.obj
 0001:00006670       ??1dgWorldDynamicUpdate@@QAE@XZ 10007670 f i physics_2009:dgWorld.obj
 0001:000067d0       ?DestroyAllBodies@dgWorld@@QAEXXZ 100077d0 f   physics_2009:dgWorld.obj
 0001:00006830       ?CreateBody@dgWorld@@QAEPAVdgBody@@PAVdgCollision@@@Z 10007830 f   physics_2009:dgWorld.obj
 0001:00006980       ?BodySetMatrix@dgWorld@@QAEXPAVdgBody@@ABVdgMatrix@@@Z 10007980 f   physics_2009:dgWorld.obj
 0001:00006c30       ??1dgWorld@@QAE@XZ         10007c30 f   physics_2009:dgWorld.obj
 0001:00006db0       ??0dgWorld@@QAE@QAVdgMemoryAllocator@@@Z 10007db0 f   physics_2009:dgWorld.obj
 0001:00007300       ?GetIslandBody@dgWorld@@QBEPAVdgBody@@PBXH@Z 10008300 f   physics_2009:dgWorldDynamicUpdate.obj
 0001:00007330       ?ReallocBodyMemory@dgWorldDynamicUpdate@@AAEXH@Z 10008330 f   physics_2009:dgWorldDynamicUpdate.obj
 0001:000073f0       ?ReallocIslandMemory@dgWorldDynamicUpdate@@AAEXH@Z 100083f0 f   physics_2009:dgWorldDynamicUpdate.obj
 0001:000074c0       ?ReallocJointsMemory@dgWorldDynamicUpdate@@AAEXH@Z 100084c0 f   physics_2009:dgWorldDynamicUpdate.obj
 0001:00007590       ?ReallocJacobiansMemory@dgWorldDynamicUpdate@@AAEXHH@Z 10008590 f   physics_2009:dgWorldDynamicUpdate.obj
 0001:00007800       ?ReallocIntenalForcesMemory@dgWorldDynamicUpdate@@AAEXHH@Z 10008800 f   physics_2009:dgWorldDynamicUpdate.obj
 0001:00007920       ?GetJacobialDerivativesParallel@dgWorldDynamicUpdate@@AAEHABVdgIsland@@_NHM@Z 10008920 f   physics_2009:dgWorldDynamicUpdate.obj
 0001:00007a10       ?ThreadExecute@dgParallelSolverJointAcceleration@@UAEXXZ 10008a10 f   physics_2009:dgWorldDynamicUpdate.obj
 0001:00007b90       ?ThreadExecute@dgParallelSolverInitFeedbackUpdate@@UAEXXZ 10008b90 f   physics_2009:dgWorldDynamicUpdate.obj
 0001:00007c90       ??Y?$dgTemplateVector@M@@QAEAAV0@ABV0@@Z 10008c90 f i physics_2009:dgWorldDynamicUpdate.obj
 0001:00007cc0       ??$dgSort@VdgIsland@@@@YAXQAVdgIsland@@HP6AHQBV0@1PAX@Z2@Z 10008cc0 f i physics_2009:dgWorldDynamicUpdate.obj
 0001:00007f50       ?BuildIsland@dgWorldDynamicUpdate@@AAEXAAV?$dgQueue@PAVdgBody@@@@HHH@Z 10008f50 f   physics_2009:dgWorldDynamicUpdate.obj
 0001:000081a0       ?SpanningTree@dgWorldDynamicUpdate@@AAEXPAVdgBody@@@Z 100091a0 f   physics_2009:dgWorldDynamicUpdate.obj
 0001:00008580       ?ApplyExternalForcesAndAccelerationSimD@dgJacobianMemory@@QBEXM@Z 10009580 f   physics_2009:dgWorldDynamicUpdate.obj
 0001:000088c0       ?SwapRowsSimd@dgJacobianMemory@@QBEXHH@Z 100098c0 f   physics_2009:dgWorldDynamicUpdate.obj
 0001:00008a80       ?SwapRows@dgJacobianMemory@@QBEXHH@Z 10009a80 f   physics_2009:dgWorldDynamicUpdate.obj
 0001:00008bc0       ?CalculateJointForcesSimD@dgJacobianMemory@@QBEMHPAMM@Z 10009bc0 f   physics_2009:dgWorldDynamicUpdate.obj
 0001:00009700       ?AddDamingAcceleration@dgBody@@AAEXXZ 1000a700 f i physics_2009:dgWorldDynamicUpdate.obj
 0001:00009850       ?IntegrateArray@dgWorldDynamicUpdate@@ABEXPBVdgBodyInfo@@HMMH_N@Z 1000a850 f   physics_2009:dgWorldDynamicUpdate.obj
 0001:00009e60       ?ApplyExternalForcesAndAcceleration@dgJacobianMemory@@QBEXM@Z 1000ae60 f   physics_2009:dgWorldDynamicUpdate.obj
 0001:0000aa10       ?CalculateSimpleBodyReactionsForcesSimD@dgJacobianMemory@@QBEXM@Z 1000ba10 f   physics_2009:dgWorldDynamicUpdate.obj
 0001:0000b6e0       ?CalculateSimpleBodyReactionsForces@dgJacobianMemory@@QBEXM@Z 1000c6e0 f   physics_2009:dgWorldDynamicUpdate.obj
 0001:0000d260       ?CalculateForcesSimulationModeSimd@dgJacobianMemory@@QBEXM@Z 1000e260 f   physics_2009:dgWorldDynamicUpdate.obj
 0001:0000e740       ?CalculateJointForces@dgJacobianMemory@@QBEMHPAMM@Z 1000f740 f   physics_2009:dgWorldDynamicUpdate.obj
 0001:0000fb40       ?CalculateForcesGameModeSimD@dgJacobianMemory@@QBEXHM@Z 10010b40 f   physics_2009:dgWorldDynamicUpdate.obj
 0001:00010630       ?CalculateForcesGameMode@dgJacobianMemory@@QBEXHM@Z 10011630 f   physics_2009:dgWorldDynamicUpdate.obj
 0001:00011e30       ?ThreadExecute@dgParallelSolverBodyInertia@@UAEXXZ 10012e30 f   physics_2009:dgWorldDynamicUpdate.obj
 0001:00011e90       ?ThreadExecute@dgParallelSolverBuildJacobianRows@@UAEXXZ 10012e90 f   physics_2009:dgWorldDynamicUpdate.obj
 0001:000126d0       ?BuildJacobianMatrixParallel@dgWorldDynamicUpdate@@AAEXABVdgIsland@@MH@Z 100136d0 f   physics_2009:dgWorldDynamicUpdate.obj
 0001:000129e0       ?ThreadExecute@dgParallelSolverClear@@UAEXXZ 100139e0 f   physics_2009:dgWorldDynamicUpdate.obj
 0001:00012b80       ?ThreadExecute@dgParallelSolverInitInternalForces@@UAEXXZ 10013b80 f   physics_2009:dgWorldDynamicUpdate.obj
 0001:00013520       ?ThreadExecute@dgParallelSolverUpdateVeloc@@UAEXXZ 10014520 f   physics_2009:dgWorldDynamicUpdate.obj
 0001:000137b0       ?ThreadExecute@dgParallelSolverUpdateForce@@UAEXXZ 100147b0 f   physics_2009:dgWorldDynamicUpdate.obj
 0001:00013d50       ?ThreadExecute@dgParallelSolverCalculateForces@@UAEXXZ 10014d50 f   physics_2009:dgWorldDynamicUpdate.obj
 0001:000145a0       ?CalculateForcesGameModeParallel@dgJacobianMemory@@QBEXHMH@Z 100155a0 f   physics_2009:dgWorldDynamicUpdate.obj
 0001:00014d70       ?CalculateForcesSimulationMode@dgJacobianMemory@@QBEXM@Z 10015d70 f   physics_2009:dgWorldDynamicUpdate.obj
 0001:00018d30       ?UpdateDynamics@dgWorldDynamicUpdate@@AAEXPAVdgWorld@@HM@Z 10019d30 f   physics_2009:dgWorldDynamicUpdate.obj
 0001:000191a0       ?ThreadExecute@dgParallelSolverBuildJacobianMatrix@@UAEXXZ 1001a1a0 f   physics_2009:dgWorldDynamicUpdate.obj
 0001:00019780       ?GetJacobialDerivatives@dgWorldDynamicUpdate@@AAEHABVdgIsland@@H_NHM@Z 1001a780 f   physics_2009:dgWorldDynamicUpdate.obj
 0001:00019d00       ?BuildJacobianMatrixSimD@dgWorldDynamicUpdate@@AAEXABVdgIsland@@HM@Z 1001ad00 f   physics_2009:dgWorldDynamicUpdate.obj
 0001:0001a210       ?BuildJacobianMatrix@dgWorldDynamicUpdate@@AAEXABVdgIsland@@HM@Z 1001b210 f   physics_2009:dgWorldDynamicUpdate.obj
 0001:0001a930       ?ThreadExecute@dgSolverWorlkerThreads@@UAEXXZ 1001b930 f   physics_2009:dgWorldDynamicUpdate.obj
 0001:0001b270       ?AddToBreakQueue@dgWorld@@QAEXQBVdgContact@@QAVdgBody@@M@Z 1001c270 f i physics_2009:dgNarrowPhaseCollision.obj
 0001:0001b310       ?CreateConvexModifier@dgWorld@@QAEPAVdgCollision@@PAV2@@Z 1001c310 f   physics_2009:dgNarrowPhaseCollision.obj
 0001:0001b360       ?CreateCollisionCompound@dgWorld@@QAEPAVdgCollision@@HQBQAV2@@Z 1001c360 f   physics_2009:dgNarrowPhaseCollision.obj
 0001:0001b3a0       ?CreateCollisionCompoundBreakable@dgWorld@@QAEPAVdgCollision@@HQBQBVdgMeshEffect@@QBHQBM1HM@Z 1001c3a0 f   physics_2009:dgNarrowPhaseCollision.obj
 0001:0001b400       ?CreateBVH@dgWorld@@QAEPAVdgCollision@@XZ 1001c400 f   physics_2009:dgNarrowPhaseCollision.obj
 0001:0001b430       ?CreateStaticUserMesh@dgWorld@@QAEPAVdgCollision@@ABVdgVector@@0ABVdgUserMeshCreation@@@Z 1001c430 f   physics_2009:dgNarrowPhaseCollision.obj
 0001:0001b480       ?CreateBVHFieldCollision@dgWorld@@QAEPAVdgCollision@@HHHPAGPADMM@Z 1001c480 f   physics_2009:dgNarrowPhaseCollision.obj
 0001:0001b4e0       ?CreateScene@dgWorld@@QAEPAVdgCollision@@XZ 1001c4e0 f   physics_2009:dgNarrowPhaseCollision.obj
 0001:0001b510       ?Serialize@dgWorld@@QBEXPAVdgCollision@@P6AXPAXPBXI@Z1@Z 1001c510 f   physics_2009:dgNarrowPhaseCollision.obj
 0001:0001b570       ?GetDefualtBodyGroupID@dgWorld@@QBEIXZ 1001c570 f   physics_2009:dgNarrowPhaseCollision.obj
 0001:0001b580       ??$dgSort@VdgContactPoint@@@@YAXQAVdgContactPoint@@HP6AHQBV0@1PAX@Z2@Z 1001c580 f i physics_2009:dgNarrowPhaseCollision.obj
 0001:0001b790       ?GetFirstMaterial@dgWorld@@QBEPAVdgContactMaterial@@XZ 1001c790 f   physics_2009:dgNarrowPhaseCollision.obj
 0001:0001b7e0       ?ReduceContacts@dgWorld@@ABEHHQAVdgContactPoint@@HMH@Z 1001c7e0 f   physics_2009:dgNarrowPhaseCollision.obj
 0001:0001b970       ?PruneContacts@dgWorld@@ABEHHQAVdgContactPoint@@H@Z 1001c970 f   physics_2009:dgNarrowPhaseCollision.obj
 0001:0001bae0       ?ProcessCachedContacts@dgWorld@@ABEXPAVdgContact@@PBVdgContactMaterial@@MH@Z 1001cae0 f   physics_2009:dgNarrowPhaseCollision.obj
 0001:0001bba0       ?ProcessTriggers@dgWorld@@AAEXAAUdgPair@dgCollidingPairCollector@@MH@Z 1001cba0 f   physics_2009:dgNarrowPhaseCollision.obj
 0001:0001bc90       ?SceneContactsSimd@dgWorld@@ABEXABUdgProxy@dgCollisionScene@@QAUdgPair@dgCollidingPairCollector@@AAVdgCollisionParamProxi@@@Z 1001cc90 f   physics_2009:dgNarrowPhaseCollision.obj
 0001:0001bd50       ?SceneContacts@dgWorld@@ABEXABUdgProxy@dgCollisionScene@@QAUdgPair@dgCollidingPairCollector@@AAVdgCollisionParamProxi@@@Z 1001cd50 f   physics_2009:dgNarrowPhaseCollision.obj
 0001:0001be10       ?Append@?$dgList@VdgContactMaterial@@@@QAEPAVdgListNode@1@XZ 1001ce10 f i physics_2009:dgNarrowPhaseCollision.obj
 0001:0001bec0       ?Find@?$dgTree@VdgContactMaterial@@I@@QBEPAVdgTreeNode@1@I@Z 1001cec0 f i physics_2009:dgNarrowPhaseCollision.obj
 0001:0001bef0       ?GetMaterial@dgWorld@@QBEPAVdgContactMaterial@@II@Z 1001cef0 f   physics_2009:dgNarrowPhaseCollision.obj
 0001:0001bf40       ?GetNextMaterial@dgWorld@@QBEPAVdgContactMaterial@@PAV2@@Z 1001cf40 f   physics_2009:dgNarrowPhaseCollision.obj
 0001:0001bf70       ?RemoveFromCache@dgWorld@@QAEXPAVdgCollision@@@Z 1001cf70 f   physics_2009:dgNarrowPhaseCollision.obj
 0001:0001bfd0       ?ReleaseCollision@dgWorld@@QAEXPAVdgCollision@@@Z 1001cfd0 f   physics_2009:dgNarrowPhaseCollision.obj
 0001:0001c070       ?ValidateContactCache@dgWorld@@ABEHPAVdgBody@@0PAVdgContact@@@Z 1001d070 f   physics_2009:dgNarrowPhaseCollision.obj
 0001:0001c5a0       ?CompoundContactsSimd@dgWorld@@ABEXQAUdgPair@dgCollidingPairCollector@@AAVdgCollisionParamProxi@@@Z 1001d5a0 f   physics_2009:dgNarrowPhaseCollision.obj
 0001:0001c630       ?CompoundContacts@dgWorld@@ABEXQAUdgPair@dgCollidingPairCollector@@AAVdgCollisionParamProxi@@@Z 1001d630 f   physics_2009:dgNarrowPhaseCollision.obj
 0001:0001c6c0       ?ConvexContactsSimd@dgWorld@@ABEXQAUdgPair@dgCollidingPairCollector@@AAVdgCollisionParamProxi@@@Z 1001d6c0 f   physics_2009:dgNarrowPhaseCollision.obj
 0001:0001c7d0       ?ConvexContacts@dgWorld@@ABEXQAUdgPair@dgCollidingPairCollector@@AAVdgCollisionParamProxi@@@Z 1001d7d0 f   physics_2009:dgNarrowPhaseCollision.obj
 0001:0001c8e0       ?SceneContacts@dgWorld@@ABEXQAUdgPair@dgCollidingPairCollector@@AAVdgCollisionParamProxi@@@Z 1001d8e0 f   physics_2009:dgNarrowPhaseCollision.obj
 0001:0001c9a0       ?SceneContactsSimd@dgWorld@@ABEXQAUdgPair@dgCollidingPairCollector@@AAVdgCollisionParamProxi@@@Z 1001d9a0 f   physics_2009:dgNarrowPhaseCollision.obj
 0001:0001ca60       ?CalculateContactsSimd@dgWorld@@AAEXQAUdgPair@dgCollidingPairCollector@@MH@Z 1001da60 f   physics_2009:dgNarrowPhaseCollision.obj
 0001:0001cc00       ?CalculateContacts@dgWorld@@AAEXQAUdgPair@dgCollidingPairCollector@@MH@Z 1001dc00 f   physics_2009:dgNarrowPhaseCollision.obj
 0001:0001cdc0       ?CollideContinueSimd@dgWorld@@QAEHPAVdgCollision@@ABVdgMatrix@@ABVdgVector@@20122AAMPAVdgTriplex@@4PAMHH@Z 1001ddc0 f   physics_2009:dgNarrowPhaseCollision.obj
 0001:0001d4d0       ?CollideContinue@dgWorld@@QAEHPAVdgCollision@@ABVdgMatrix@@ABVdgVector@@20122AAMPAVdgTriplex@@4PAMHH@Z 1001e4d0 f   physics_2009:dgNarrowPhaseCollision.obj
 0001:0001dbe0       ?Collide@dgWorld@@QAEHPAVdgCollision@@ABVdgMatrix@@01PAVdgTriplex@@2PAMHH@Z 1001ebe0 f   physics_2009:dgNarrowPhaseCollision.obj
 0001:0001e050       ?ClosestPoint@dgWorld@@QBEHPAVdgCollision@@ABVdgMatrix@@01AAVdgTriplex@@22H@Z 1001f050 f   physics_2009:dgNarrowPhaseCollision.obj
 0001:0001e2a0       ?ProcessContacts@dgWorld@@AAEXAAUdgPair@dgCollidingPairCollector@@MH@Z 1001f2a0 f   physics_2009:dgNarrowPhaseCollision.obj
 0001:0001f290       ?ClosestPoint@dgWorld@@QBEHAAVdgTriplex@@PAVdgCollision@@ABVdgMatrix@@00H@Z 10020290 f   physics_2009:dgNarrowPhaseCollision.obj
 0001:0001f310       ?Insert@?$dgTree@VdgContactMaterial@@I@@QAEPAVdgTreeNode@1@ABVdgContactMaterial@@IAA_N@Z 10020310 f i physics_2009:dgNarrowPhaseCollision.obj
 0001:0001f3f0       ?Insert@?$dgTree@PAVdgCollision@@I@@QAEPAVdgTreeNode@1@ABQAVdgCollision@@I@Z 100203f0 f i physics_2009:dgNarrowPhaseCollision.obj
 0001:0001f410       ?CreateNull@dgWorld@@QAEPAVdgCollision@@XZ 10020410 f   physics_2009:dgNarrowPhaseCollision.obj
 0001:0001f4b0       ?CreateBox@dgWorld@@QAEPAVdgCollision@@MMMHABVdgMatrix@@@Z 100204b0 f   physics_2009:dgNarrowPhaseCollision.obj
 0001:0001f650       ?CreateSphere@dgWorld@@QAEPAVdgCollision@@MHABVdgMatrix@@@Z 10020650 f   physics_2009:dgNarrowPhaseCollision.obj
 0001:0001f770       ?CreateEllipse@dgWorld@@QAEPAVdgCollision@@MMMHABVdgMatrix@@@Z 10020770 f   physics_2009:dgNarrowPhaseCollision.obj
 0001:0001f900       ?CreateCapsule@dgWorld@@QAEPAVdgCollision@@MMHABVdgMatrix@@@Z 10020900 f   physics_2009:dgNarrowPhaseCollision.obj
 0001:0001fa60       ?CreateCone@dgWorld@@QAEPAVdgCollision@@MMHABVdgMatrix@@@Z 10020a60 f   physics_2009:dgNarrowPhaseCollision.obj
 0001:0001fbc0       ?CreateCylinder@dgWorld@@QAEPAVdgCollision@@MMHABVdgMatrix@@@Z 10020bc0 f   physics_2009:dgNarrowPhaseCollision.obj
 0001:0001fd20       ?CreateChamferCylinder@dgWorld@@QAEPAVdgCollision@@MMHABVdgMatrix@@@Z 10020d20 f   physics_2009:dgNarrowPhaseCollision.obj
 0001:0001fe80       ?CreateConvexHull@dgWorld@@QAEPAVdgCollision@@HPBMHMHABVdgMatrix@@@Z 10020e80 f   physics_2009:dgNarrowPhaseCollision.obj
 0001:00020050       ?CreateFromSerialization@dgWorld@@QAEPAVdgCollision@@P6AXPAX0I@Z0@Z 10021050 f   physics_2009:dgNarrowPhaseCollision.obj
 0001:00020440       ?CreateBodyGroupID@dgWorld@@QAEIXZ 10021440 f   physics_2009:dgNarrowPhaseCollision.obj
 0001:000204c0       ?GetShapeFromCollision@dgMeshEffectBuilder@@SAXPAXHPBMH@Z 100214c0 f i physics_2009:dgMeshEffect.obj
 0001:000205a0       ?GetTotalFaceCount@dgMeshEffect@@QBEHXZ 100215a0 f   physics_2009:dgMeshEffect.obj
 0001:000205b0       ?GetVertexStreams@dgMeshEffect@@QAEXHPAMH0H0H0@Z 100215b0 f   physics_2009:dgMeshEffect.obj
 0001:000206b0       ?GetNextMaterial@dgMeshEffect@@QAEHPAUdgIndexArray@1@H@Z 100216b0 f   physics_2009:dgMeshEffect.obj
 0001:000206d0       ?GetMaterialGetIndexStream@dgMeshEffect@@QAEXPAUdgIndexArray@1@HPAH@Z 100216d0 f   physics_2009:dgMeshEffect.obj
 0001:00020730       ?GetMaterialGetIndexStreamShort@dgMeshEffect@@QAEXPAUdgIndexArray@1@HPAF@Z 10021730 f   physics_2009:dgMeshEffect.obj
 0001:000207a0       ?InterpolateEdge@dgMeshEffect@@ABE?AUdgVertexAtribute@1@QAVdgEdge@@M@Z 100217a0 f   physics_2009:dgMeshEffect.obj
 0001:00020870       ??G?$dgTemplateVector@N@@QBE?AV0@ABV0@@Z 10021870 f i physics_2009:dgMeshEffect.obj
 0001:000208a0       ??0dgMeshEffect@@QAE@AAVdgPolyhedra@@ABV0@@Z 100218a0 f   physics_2009:dgMeshEffect.obj
 0001:00020940       ??_EdgMeshEffect@@WBM@AEPAXI@Z 10021940 f i physics_2009:dgMeshEffect.obj
 0001:00020950       ??0dgMeshEffect@@QAE@ABV0@@Z 10021950 f   physics_2009:dgMeshEffect.obj
 0001:000209f0       ?Init@dgMeshEffect@@AAEX_N@Z 100219f0 f   physics_2009:dgMeshEffect.obj
 0001:00020a40       ?BeginPolygon@dgMeshEffect@@QAEXXZ 10021a40 f   physics_2009:dgMeshEffect.obj
 0001:00020a70       ?AddAtribute@dgMeshEffect@@AAEXABUdgVertexAtribute@1@@Z 10021a70 f   physics_2009:dgMeshEffect.obj
 0001:00020ae0       ?AddVertex@dgMeshEffect@@AAEXPBMH@Z 10021ae0 f   physics_2009:dgMeshEffect.obj
 0001:00020bd0       ?EndPolygon@dgMeshEffect@@QAEXXZ 10021bd0 f   physics_2009:dgMeshEffect.obj
 0001:00020e30       ?GetIndirectVertexStreams@dgMeshEffect@@QAEXHPAMPAH1H011H011H011@Z 10021e30 f   physics_2009:dgMeshEffect.obj
 0001:00021180       ?MaterialGeomteryEnd@dgMeshEffect@@QAEXPAUdgIndexArray@1@@Z 10022180 f   physics_2009:dgMeshEffect.obj
 0001:00021190       ?GetFirstMaterial@dgMeshEffect@@QAEHPAUdgIndexArray@1@@Z 10022190 f   physics_2009:dgMeshEffect.obj
 0001:000211a0       ?InsertEdgeVertex@dgMeshEffect@@QAEPAVdgEdge@@QAV2@M@Z 100221a0 f   physics_2009:dgMeshEffect.obj
 0001:000212b0       ?Scale@?$dgTemplateVector@N@@QBE?AV1@N@Z 100222b0 f i physics_2009:dgMeshEffect.obj
 0001:000212e0       ??H?$dgTemplateVector@N@@QBE?AV0@ABV0@@Z 100222e0 f i physics_2009:dgMeshEffect.obj
 0001:00021310       ?Find@?$dgTree@VdgEdge@@_J@@QBEPAVdgTreeNode@1@_J@Z 10022310 f i physics_2009:dgMeshEffect.obj
 0001:00021350       ??_GdgRefCounter@@MAEPAXI@Z 10022350 f i physics_2009:dgMeshEffect.obj
 0001:00021350       ??_EdgRefCounter@@MAEPAXI@Z 10022350 f i physics_2009:dgMeshEffect.obj
 0001:00021370       ??0dgMeshEffect@@QAE@PAVdgMemoryAllocator@@_N@Z 10022370 f   physics_2009:dgMeshEffect.obj
 0001:000213b0       ??_EdgMeshEffect@@UAEPAXI@Z 100223b0 f i physics_2009:dgMeshEffect.obj
 0001:000213b0       ??_GdgMeshEffect@@UAEPAXI@Z 100223b0 f i physics_2009:dgMeshEffect.obj
 0001:00021400       ??0dgMeshEffect@@QAE@PAVdgMemoryAllocator@@ABVdgMatrix@@MMH11@Z 10022400 f   physics_2009:dgMeshEffect.obj
 0001:00021730       ?Triangulate@dgMeshEffect@@QAEXXZ 10022730 f   physics_2009:dgMeshEffect.obj
 0001:000217c0       ?ConvertToPolygons@dgMeshEffect@@QAEXXZ 100227c0 f   physics_2009:dgMeshEffect.obj
 0001:00021a40       ?CalculateOOBB@dgMeshEffect@@QBE?AVdgMatrix@@AAVdgVector@@@Z 10022a40 f   physics_2009:dgMeshEffect.obj
 0001:00021c10       ?CalculateAABB@dgMeshEffect@@QBEXAAVdgVector@@0@Z 10022c10 f   physics_2009:dgMeshEffect.obj
 0001:00021d70       ?EnumerateAttributeArray@dgMeshEffect@@AAEXPAUdgVertexAtribute@1@@Z 10022d70 f   physics_2009:dgMeshEffect.obj
 0001:00021e00       ?ApplyAttributeArray@dgMeshEffect@@AAEXPAUdgVertexAtribute@1@@Z 10022e00 f   physics_2009:dgMeshEffect.obj
 0001:00021ec0       ?GetOrigin@dgMeshEffect@@ABE?AVdgVector@@XZ 10022ec0 f   physics_2009:dgMeshEffect.obj
 0001:00021fb0       ?FixCylindricalMapping@dgMeshEffect@@ABEXPAUdgVertexAtribute@1@@Z 10022fb0 f   physics_2009:dgMeshEffect.obj
 0001:000220e0       ?SphericalMapping@dgMeshEffect@@QAEXH@Z 100230e0 f   physics_2009:dgMeshEffect.obj
 0001:000222d0       ?CylindricalMapping@dgMeshEffect@@QAEXHH@Z 100232d0 f   physics_2009:dgMeshEffect.obj
 0001:00022670       ?BoxMapping@dgMeshEffect@@QAEXHHH@Z 10023670 f   physics_2009:dgMeshEffect.obj
 0001:00022980       ?CalculateNormals@dgMeshEffect@@QAEXM@Z 10023980 f   physics_2009:dgMeshEffect.obj
 0001:00022d20       ?AddPolygon@dgMeshEffect@@QAEXHPBMHH@Z 10023d20 f   physics_2009:dgMeshEffect.obj
 0001:00022ec0       ?GetTotalIndexCount@dgMeshEffect@@QBEHXZ 10023ec0 f   physics_2009:dgMeshEffect.obj
 0001:00022f20       ?GetFaces@dgMeshEffect@@QBEXQAH00@Z 10023f20 f   physics_2009:dgMeshEffect.obj
 0001:00022fe0       ?MaterialGeomteryBegin@dgMeshEffect@@QAEPAUdgIndexArray@1@XZ 10023fe0 f   physics_2009:dgMeshEffect.obj
 0001:000231d0       ?CreateConvexCollision@dgMeshEffect@@QBEPAVdgCollision@@MHMABVdgMatrix@@@Z 100241d0 f   physics_2009:dgMeshEffect.obj
 0001:00023570       ?TransformMesh@dgMeshEffect@@QAEXABVdgMatrix@@@Z 10024570 f   physics_2009:dgMeshEffect.obj
 0001:00023610       ?InterpolateVertex@dgMeshEffect@@ABE?AUdgVertexAtribute@1@ABVdgVector@@QAVdgEdge@@@Z 10024610 f   physics_2009:dgMeshEffect.obj
 0001:00023a20       ?Difference@dgMeshEffect@@QBEPAV1@ABVdgMatrix@@PBV1@@Z 10024a20 f   physics_2009:dgMeshEffect.obj
 0001:00023a20       ?Union@dgMeshEffect@@QBEPAV1@ABVdgMatrix@@PBV1@@Z 10024a20 f   physics_2009:dgMeshEffect.obj
 0001:00023a20       ?Intersection@dgMeshEffect@@QBEPAV1@ABVdgMatrix@@PBV1@@Z 10024a20 f   physics_2009:dgMeshEffect.obj
 0001:00023a90       ?PlaneClipMesh@dgMeshEffect@@QAEXABVdgPlane@@PAPAV1@1@Z 10024a90 f   physics_2009:dgMeshEffect.obj
 0001:000240b0       ?HasOpenEdges@dgMeshEffect@@QBE_NXZ 100250b0 f   physics_2009:dgMeshEffect.obj
 0001:000240e0       ?Insert@?$dgTree@VdgEdge@@_J@@QAEPAVdgTreeNode@1@PAV21@_J@Z 100250e0 f i physics_2009:dgMeshEffect.obj
 0001:000241a0       ??0dgMeshEffect@@QAE@PAVdgCollision@@@Z 100251a0 f   physics_2009:dgMeshEffect.obj
 0001:00024420       ?PlaneApplyCap@dgMeshEffect@@AAEHPBV1@ABVdgPlane@@@Z 10025420 f   physics_2009:dgMeshEffect.obj
 0001:000249f0       ?PlaneClipMesh@dgMeshEffect@@ABEXPBV1@PAPAV1@1@Z 100259f0 f   physics_2009:dgMeshEffect.obj
 0001:00024be0       ?ClipMesh@dgMeshEffect@@QBEXABVdgMatrix@@PBV1@PAPAV1@2@Z 10025be0 f   physics_2009:dgMeshEffect.obj
 0001:00024c70       ?CalculateSignature@dgCollisionConvexPolygon@dgCollisionMesh@@UBEHXZ 10025c70 f   physics_2009:dgCollisionMesh.obj
 0001:00024c80       ?OOBBTest@dgCollisionConvexPolygon@dgCollisionMesh@@UBE_NABVdgMatrix@@QBVdgConvexCollision@@PAX@Z 10025c80 f   physics_2009:dgCollisionMesh.obj
 0001:00024c80       ?OOBBTest@dgCollisionMesh@@EBE_NABVdgMatrix@@QBVdgConvexCollision@@PAX@Z 10025c80 f   physics_2009:dgCollisionMesh.obj
 0001:00024c80       ?OOBBTest@dgCollisionScene@@EBE_NABVdgMatrix@@QBVdgConvexCollision@@PAX@Z 10025c80 f   physics_2009:dgCollisionScene.obj
 0001:00024c80       ?OOBBTest@dgCollisionConvexModifier@@MBE_NABVdgMatrix@@QBVdgConvexCollision@@PAX@Z 10025c80 f   physics_2009:dgCollisionConvexModifier.obj
 0001:00024c80       ?OOBBTest@dgCollisionCompound@@MBE_NABVdgMatrix@@QBVdgConvexCollision@@PAX@Z 10025c80 f   physics_2009:dgCollisionCompound.obj
 0001:00024c90       ?SupportVertexSimd@dgCollisionConvexPolygon@dgCollisionMesh@@UBE?AVdgVector@@ABV3@@Z 10025c90 f   physics_2009:dgCollisionMesh.obj
 0001:00024de0       ??1dgCollisionMesh@@UAE@XZ 10025de0 f   physics_2009:dgCollisionMesh.obj
 0001:00024e20       ?CalculateSignature@dgCollisionCompound@@MBEHXZ 10025e20 f   physics_2009:dgCollisionCompound.obj
 0001:00024e20       ?CalculateSignature@dgCollisionScene@@EBEHXZ 10025e20 f   physics_2009:dgCollisionScene.obj
 0001:00024e20       ?GetUserData@dgCollisionMesh@@UBEPAXXZ 10025e20 f   physics_2009:dgCollisionMesh.obj
 0001:00024e20       ?CalculateSignature@dgCollisionMesh@@EBEHXZ 10025e20 f   physics_2009:dgCollisionMesh.obj
 0001:00024e20       ?CalculateSignature@dgCollisionConvexModifier@@EBEHXZ 10025e20 f   physics_2009:dgCollisionConvexModifier.obj
 0001:00024e20       _NewtonCreateCompoundCollisionFromMesh 10025e20 f   Newton.obj
 0001:00024e20       ?GetUserData@dgCollision@@UBEPAXXZ 10025e20 f   physics_2009:dgCollision.obj
 0001:00024e20       ?GetPerformanceCount@dgWorld@@CAIXZ 10025e20 f   physics_2009:dgWorld.obj
 0001:00024e20       ?CalculateSignature@dgCollisionConvexIntance@dgCollisionCompoundBreakable@@EBEHXZ 10025e20 f   physics_2009:dgCollisionCompoundBreakable.obj
 0001:00024e30       ?SetCollisionCallback@dgCollisionMesh@@QAEXP6AXPBVdgBody@@0HHPBMH@Z@Z 10025e30 f   physics_2009:dgCollisionMesh.obj
 0001:00024e40       ?SetCollisionRayCastCallback@dgCollisionMesh@@QAEXP6AMMPAMHPAX@Z@Z 10025e40 f   physics_2009:dgCollisionMesh.obj
 0001:00024e50       ?CalcAABBSimD@dgCollisionScene@@EBEXABVdgMatrix@@AAVdgVector@@1@Z 10025e50 f   physics_2009:dgCollisionScene.obj
 0001:00024e50       ?CalcAABBSimD@dgCollisionMesh@@EBEXABVdgMatrix@@AAVdgVector@@1@Z 10025e50 f   physics_2009:dgCollisionMesh.obj
 0001:00024e50       ?CalcAABBSimD@dgCollisionNull@@MBEXABVdgMatrix@@AAVdgVector@@1@Z 10025e50 f   physics_2009:dgCollisionNull.obj
 0001:00024e60       ?GetVolume@dgCollisionScene@@EBEMXZ 10025e60 f   physics_2009:dgCollisionScene.obj
 0001:00024e60       ?GetBoxMinRadius@dgCollisionConvexPolygon@dgCollisionMesh@@UBEMXZ 10025e60 f   physics_2009:dgCollisionMesh.obj
 0001:00024e60       ?GetBoxMinRadius@dgCollisionMesh@@UBEMXZ 10025e60 f   physics_2009:dgCollisionMesh.obj
 0001:00024e60       ?GetBoxMaxRadius@dgCollisionScene@@EBEMXZ 10025e60 f   physics_2009:dgCollisionScene.obj
 0001:00024e60       ?GetBoxMaxRadius@dgCollisionMesh@@UBEMXZ 10025e60 f   physics_2009:dgCollisionMesh.obj
 0001:00024e60       ?GetBoxMinRadius@dgCollisionScene@@EBEMXZ 10025e60 f   physics_2009:dgCollisionScene.obj
 0001:00024e60       ?GetBoxMaxRadius@dgCollisionConvexPolygon@dgCollisionMesh@@UBEMXZ 10025e60 f   physics_2009:dgCollisionMesh.obj
 0001:00024e60       ?GetVolume@dgCollisionNull@@MBEMXZ 10025e60 f   physics_2009:dgCollisionNull.obj
 0001:00024e60       ?GetVolume@dgCollisionPoint@@UBEMXZ 10025e60 f   physics_2009:dgCollisionSphere.obj
 0001:00024e60       ?GetVolume@dgCollisionConvexPolygon@dgCollisionMesh@@UBEMXZ 10025e60 f   physics_2009:dgCollisionMesh.obj
 0001:00024e60       ?GetVolume@dgCollisionMesh@@UBEMXZ 10025e60 f   physics_2009:dgCollisionMesh.obj
 0001:00024e70       ?SupportVertex@dgCollisionConvexPolygon@dgCollisionMesh@@UBE?AVdgVector@@ABV3@@Z 10025e70 f   physics_2009:dgCollisionMesh.obj
 0001:00024fd0       ??_EdgCollisionMesh@@UAEPAXI@Z 10025fd0 f i physics_2009:dgCollisionMesh.obj
 0001:00024fd0       ??_GdgCollisionMesh@@UAEPAXI@Z 10025fd0 f i physics_2009:dgCollisionMesh.obj
 0001:00024ff0       ??0dgCollisionConvexPolygon@dgCollisionMesh@@QAE@PAVdgMemoryAllocator@@@Z 10025ff0 f   physics_2009:dgCollisionMesh.obj
 0001:000250a0       ??_GdgCollisionConvexPolygon@dgCollisionMesh@@UAEPAXI@Z 100260a0 f i physics_2009:dgCollisionMesh.obj
 0001:000250a0       ??_EdgCollisionConvexPolygon@dgCollisionMesh@@UAEPAXI@Z 100260a0 f i physics_2009:dgCollisionMesh.obj
 0001:000250c0       ?CalculateNormalSimd@dgCollisionConvexPolygon@dgCollisionMesh@@QAEXXZ 100260c0 f   physics_2009:dgCollisionMesh.obj
 0001:000251d0       ?CalculateNormal@dgCollisionConvexPolygon@dgCollisionMesh@@QAEXXZ 100261d0 f   physics_2009:dgCollisionMesh.obj
 0001:00025340       ?ClipContacts@dgCollisionConvexPolygon@dgCollisionMesh@@QBEHHQAVdgContactPoint@@ABVdgMatrix@@@Z 10026340 f   physics_2009:dgCollisionMesh.obj
 0001:00025a90       ?ClosestDistanceToTriangle@dgCollisionConvexPolygon@dgCollisionMesh@@QBE?AVdgVector@@ABV3@000@Z 10026a90 f   physics_2009:dgCollisionMesh.obj
 0001:00025ec0       ?PointToPolygonDistance@dgCollisionConvexPolygon@dgCollisionMesh@@QAE_NABVdgVector@@MAAV3@@Z 10026ec0 f   physics_2009:dgCollisionMesh.obj
 0001:000260e0       ?DistanceToOrigen@dgCollisionConvexPolygon@dgCollisionMesh@@QAE_NABVdgMatrix@@ABVdgVector@@MAAV4@@Z 100270e0 f   physics_2009:dgCollisionMesh.obj
 0001:000265e0       ?MovingPointToPolygonContact@dgCollisionConvexPolygon@dgCollisionMesh@@QAEMABVdgVector@@0MAAVdgContactPoint@@@Z 100275e0 f   physics_2009:dgCollisionMesh.obj
 0001:00026db0       ?CalculatePlaneIntersection@dgCollisionConvexPolygon@dgCollisionMesh@@UBEHABVdgVector@@0QAV3@@Z 10027db0 f   physics_2009:dgCollisionMesh.obj
 0001:000277d0       ?CalculatePlaneIntersectionSimd@dgCollisionConvexPolygon@dgCollisionMesh@@UBEHABVdgVector@@0QAV3@@Z 100287d0 f   physics_2009:dgCollisionMesh.obj
 0001:00027d30       ?SetCollisionBBox@dgCollisionMesh@@MAEXABVdgVector@@0@Z 10028d30 f   physics_2009:dgCollisionMesh.obj
 0001:00027d30       ?SetCollisionBBox@dgCollisionScene@@EAEXABVdgVector@@0@Z 10028d30 f   physics_2009:dgCollisionScene.obj
 0001:00027df0       ?CalculateVolumeIntegral@dgCollisionMesh@@EBE?AVdgVector@@ABVdgMatrix@@P6AIPAX10AAVdgPlane@@@Z1@Z 10028df0 f   physics_2009:dgCollisionMesh.obj
 0001:00027df0       ?CalculateVolumeIntegral@dgCollisionNull@@MBE?AVdgVector@@ABVdgMatrix@@P6AIPAX10AAVdgPlane@@@Z1@Z 10028df0 f   physics_2009:dgCollisionNull.obj
 0001:00027df0       ?CalculateVolumeIntegral@dgCollisionScene@@EBE?AVdgVector@@ABVdgMatrix@@P6AIPAX10AAVdgPlane@@@Z1@Z 10028df0 f   physics_2009:dgCollisionScene.obj
 0001:00027e10       ?QuickTestContinueSimd@dgCollisionConvexPolygon@dgCollisionMesh@@QAEHPBVdgConvexCollision@@ABVdgMatrix@@@Z 10028e10 f   physics_2009:dgCollisionMesh.obj
 0001:000281b0       ?QuickTestContinue@dgCollisionConvexPolygon@dgCollisionMesh@@QAEHPBVdgConvexCollision@@ABVdgMatrix@@@Z 100291b0 f   physics_2009:dgCollisionMesh.obj
 0001:00028470       ?QuickTest@dgCollisionConvexPolygon@dgCollisionMesh@@QAEHPBVdgConvexCollision@@ABVdgMatrix@@@Z 10029470 f   physics_2009:dgCollisionMesh.obj
 0001:00028840       ?QuickTestSimd@dgCollisionConvexPolygon@dgCollisionMesh@@QAEHPBVdgConvexCollision@@ABVdgMatrix@@@Z 10029840 f   physics_2009:dgCollisionMesh.obj
 0001:00028cc0       ??0dgCollisionMesh@@QAE@PAVdgMemoryAllocator@@W4dgCollisionID@@@Z 10029cc0 f   physics_2009:dgCollisionMesh.obj
 0001:00028d90       ??0dgCollisionMesh@@QAE@PAVdgWorld@@P6AXPAX1I@Z1@Z 10029d90 f   physics_2009:dgCollisionMesh.obj
 0001:00028e60       ??0dgCollisionBVH@@QAE@PAVdgMemoryAllocator@@@Z 10029e60 f   physics_2009:dgCollisionBVH.obj
 0001:00028eb0       ?Serialize@dgCollisionBVH@@EBEXP6AXPAXPBXI@Z0@Z 10029eb0 f   physics_2009:dgCollisionBVH.obj
 0001:00028ee0       ?AddFace@dgCollisionBVH@@QAEXHQBMHH@Z 10029ee0 f   physics_2009:dgCollisionBVH.obj
 0001:00028f50       ?CollectVertexListIndexList@dgCollisionBVH@@CA?AW4dgIntersectStatus@@PAXQBMHQBHH@Z 10029f50 f   physics_2009:dgCollisionBVH.obj
 0001:00028ff0       ?GetTriangleCount@dgCollisionBVH@@CA?AW4dgIntersectStatus@@PAXQBMHQBHH@Z 10029ff0 f   physics_2009:dgCollisionBVH.obj
 0001:00029020       ?SupportVertex@dgCollisionBVH@@EBE?AVdgVector@@ABV2@@Z 1002a020 f   physics_2009:dgCollisionBVH.obj
 0001:00029050       ??_EdgCollisionBVH@@WMA@AEPAXI@Z 1002a050 f i physics_2009:dgCollisionBVH.obj
 0001:00029060       ?Serialize@dgCollisionBVH@@GMA@BEXP6AXPAXPBXI@Z0@Z 1002a060 f i physics_2009:dgCollisionBVH.obj
 0001:00029070       ??_GdgCollisionBVH@@UAEPAXI@Z 1002a070 f i physics_2009:dgCollisionBVH.obj
 0001:00029070       ??_EdgCollisionBVH@@UAEPAXI@Z 1002a070 f i physics_2009:dgCollisionBVH.obj
 0001:000290b0       ?BeginBuild@dgCollisionBVH@@QAEXXZ 1002a0b0 f   physics_2009:dgCollisionBVH.obj
 0001:00029100       ?GetVertexListIndexList@dgCollisionBVH@@UBEXABVdgVector@@0AAVdgGetVertexListIndexList@dgCollisionMesh@@@Z 1002a100 f   physics_2009:dgCollisionBVH.obj
 0001:00029150       ??0dgCollisionBVH@@QAE@PAVdgWorld@@P6AXPAX1I@Z1@Z 1002a150 f   physics_2009:dgCollisionBVH.obj
 0001:000291e0       ?EndBuild@dgCollisionBVH@@QAEXH@Z 1002a1e0 f   physics_2009:dgCollisionBVH.obj
 0001:00029270       ?GetCollisionInfo@dgCollisionBVH@@EBEXPAVdgCollisionInfo@@@Z 1002a270 f   physics_2009:dgCollisionBVH.obj
 0001:00029320       ?RayHitSimd@dgCollisionBVH@@CAMPAXQBMHQBHH@Z 1002a320 f   physics_2009:dgCollisionBVH.obj
 0001:00029490       ?RayHit@dgCollisionBVH@@CAMPAXQBMHQBHH@Z 1002a490 f   physics_2009:dgCollisionBVH.obj
 0001:00029600       ?RayHitUserSimd@dgCollisionBVH@@CAMPAXQBMHQBHH@Z 1002a600 f   physics_2009:dgCollisionBVH.obj
 0001:00029720       ?RayHitUser@dgCollisionBVH@@CAMPAXQBMHQBHH@Z 1002a720 f   physics_2009:dgCollisionBVH.obj
 0001:00029890       ?RayCastSimd@dgCollisionBVH@@EBEMABVdgVector@@0AAVdgContactPoint@@P6AIPBVdgBody@@PBVdgCollision@@PAX@Z24@Z 1002a890 f   physics_2009:dgCollisionBVH.obj
 0001:00029af0       ?RayCast@dgCollisionBVH@@EBEMABVdgVector@@0AAVdgContactPoint@@P6AIPBVdgBody@@PBVdgCollision@@PAX@Z24@Z 1002aaf0 f   physics_2009:dgCollisionBVH.obj
 0001:00029d50       ?GetPolygon@dgCollisionBVH@@CA?AW4dgIntersectStatus@@PAXQBMHQBHH@Z 1002ad50 f   physics_2009:dgCollisionBVH.obj
 0001:0002a0b0       ?GetCollidingFacesSimd@dgCollisionBVH@@EBEXQAVdgPolygonMeshDesc@@@Z 1002b0b0 f   physics_2009:dgCollisionBVH.obj
 0001:0002a120       ?GetCollidingFaces@dgCollisionBVH@@EBEXQAVdgPolygonMeshDesc@@@Z 1002b120 f   physics_2009:dgCollisionBVH.obj
 0001:0002a190       ?ShowDebugPolygon@dgCollisionBVH@@CA?AW4dgIntersectStatus@@PAXQBMHQBHH@Z 1002b190 f   physics_2009:dgCollisionBVH.obj
 0001:0002a430       ?DebugCollision@dgCollisionBVH@@EBEXABVdgMatrix@@P6AXPAXHPBMH@Z1@Z 1002b430 f   physics_2009:dgCollisionBVH.obj
 0001:0002a4b0       ??_GdgNode@dgCollisionScene@@QAEPAXI@Z 1002b4b0 f i physics_2009:dgCollisionScene.obj
 0001:0002a500       ?UpdateAABB@dgNode@dgCollisionScene@@QAEXABVdgVector@@0@Z 1002b500 f i physics_2009:dgCollisionScene.obj
 0001:0002a5a0       ?Serialize@dgCollisionScene@@EBEXP6AXPAXPBXI@Z0@Z 1002b5a0 f   physics_2009:dgCollisionScene.obj
 0001:0002a720       ?SetProxyMatrix@dgCollisionScene@@QAEXPAXABVdgMatrix@@@Z 1002b720 f   physics_2009:dgCollisionScene.obj
 0001:0002a770       ?SetCollisionCallback@dgCollisionScene@@QAEXP6AXPBVdgBody@@0HHPBMH@Z@Z 1002b770 f   physics_2009:dgCollisionScene.obj
 0001:0002a7a0       ?DebugCollision@dgCollisionScene@@EBEXABVdgMatrix@@P6AXPAXHPBMH@Z1@Z 1002b7a0 f   physics_2009:dgCollisionScene.obj
 0001:0002a810       ?GetCollisionInfo@dgCollisionScene@@EBEXPAVdgCollisionInfo@@@Z 1002b810 f   physics_2009:dgCollisionScene.obj
 0001:0002a840       ?CompareProxy@dgCollisionScene@@CAHQBVdgListNode@?$dgList@UdgProxy@dgCollisionScene@@@@0PAX@Z 1002b840 f   physics_2009:dgCollisionScene.obj
 0001:0002a880       ?RemoveAll@?$dgList@UdgProxy@dgCollisionScene@@@@QAEXXZ 1002b880 f i physics_2009:dgCollisionScene.obj
 0001:0002a8e0       ?Reset@FastRayTest@@QAEXM@Z 1002b8e0 f i physics_2009:dgCollisionScene.obj
 0001:0002a930       ?GetProxyMatrix@dgCollisionScene@@QAE?AVdgMatrix@@PAX@Z 1002b930 f   physics_2009:dgCollisionScene.obj
 0001:0002aa90       ?CalcAABB@dgCollisionScene@@EBEXABVdgMatrix@@AAVdgVector@@1@Z 1002ba90 f   physics_2009:dgCollisionScene.obj
 0001:0002aa90       ?CalcAABB@dgCollisionMesh@@EBEXABVdgMatrix@@AAVdgVector@@1@Z 1002ba90 f   physics_2009:dgCollisionMesh.obj
 0001:0002ac80       ?GetAxis@dgCollisionScene@@ABEHQAPAVdgListNode@?$dgList@UdgProxy@dgCollisionScene@@@@H@Z 1002bc80 f   physics_2009:dgCollisionScene.obj
 0001:0002af20       ?RayCast@dgCollisionScene@@EBEMABVdgVector@@0AAVdgContactPoint@@P6AIPBVdgBody@@PBVdgCollision@@PAX@Z24@Z 1002bf20 f   physics_2009:dgCollisionScene.obj
 0001:0002b370       ?CollidePairSimd@dgCollisionScene@@QBEXQAUdgPair@dgCollidingPairCollector@@AAVdgCollisionParamProxi@@@Z 1002c370 f   physics_2009:dgCollisionScene.obj
 0001:0002b710       ?CollidePair@dgCollisionScene@@QBEXQAUdgPair@dgCollidingPairCollector@@AAVdgCollisionParamProxi@@@Z 1002c710 f   physics_2009:dgCollisionScene.obj
 0001:0002bb60       ?SortAndSpliteSplite@dgCollisionScene@@ABEHQAPAVdgListNode@?$dgList@UdgProxy@dgCollisionScene@@@@H@Z 1002cb60 f   physics_2009:dgCollisionScene.obj
 0001:0002bd60       ?BuildTree@dgCollisionScene@@AAEPAUdgNode@1@PAU21@QAPAVdgListNode@?$dgList@UdgProxy@dgCollisionScene@@@@HH@Z 1002cd60 f   physics_2009:dgCollisionScene.obj
 0001:0002bea0       ?Remove@?$dgList@UdgProxy@dgCollisionScene@@@@QAEXPAVdgListNode@1@@Z 1002cea0 f i physics_2009:dgCollisionScene.obj
 0001:0002bef0       ??0dgCollisionScene@@QAE@PAVdgWorld@@@Z 1002cef0 f   physics_2009:dgCollisionScene.obj
 0001:0002bf90       ??1dgCollisionScene@@UAE@XZ 1002cf90 f   physics_2009:dgCollisionScene.obj
 0001:0002c010       ?RemoveProxy@dgCollisionScene@@QAEXPAX@Z 1002d010 f   physics_2009:dgCollisionScene.obj
 0001:0002c040       ?RayCastSimd@dgCollisionScene@@EBEMABVdgVector@@0AAVdgContactPoint@@P6AIPBVdgBody@@PBVdgCollision@@PAX@Z24@Z 1002d040 f   physics_2009:dgCollisionScene.obj
 0001:0002c490       ??_EdgCollisionScene@@UAEPAXI@Z 1002d490 f i physics_2009:dgCollisionScene.obj
 0001:0002c490       ??_GdgCollisionScene@@UAEPAXI@Z 1002d490 f i physics_2009:dgCollisionScene.obj
 0001:0002c4b0       ?Append@?$dgList@UdgProxy@dgCollisionScene@@@@QAEPAVdgListNode@1@XZ 1002d4b0 f i physics_2009:dgCollisionScene.obj
 0001:0002c560       ?AddProxy@dgCollisionScene@@QAEPAXPAVdgCollision@@@Z 1002d560 f   physics_2009:dgCollisionScene.obj
 0001:0002c5b0       ?BuildTree@dgCollisionScene@@QAEXXZ 1002d5b0 f   physics_2009:dgCollisionScene.obj
 0001:0002c700       ??0dgCollisionScene@@QAE@PAVdgWorld@@P6AXPAX1I@Z1@Z 1002d700 f   physics_2009:dgCollisionScene.obj
 0001:0002c9d0       ?SetAparentMassMatrix@dgBody@@QAEXABVdgVector@@@Z 1002d9d0 f   physics_2009:dgBody.obj
 0001:0002ca50       ??DdgQuaternion@@QBE?AV0@ABV0@@Z 1002da50 f i physics_2009:dgBody.obj
 0001:0002cae0       ?AddBuoyancyForce@dgBody@@QAEXMMMABVdgVector@@P6AIPAX1ABVdgMatrix@@AAVdgPlane@@@Z1@Z 1002dae0 f   physics_2009:dgBody.obj
 0001:0002cdc0       ?CalcInvInertiaMatrix@dgBody@@QAEXXZ 1002ddc0 f   physics_2009:dgBody.obj
 0001:0002ce90       ?CalcInvInertiaMatrixSimD@dgBody@@QAEXXZ 1002de90 f   physics_2009:dgBody.obj
 0001:0002cf80       ?CalculateInverseDynamicForce@dgBody@@QBE?AVdgVector@@ABV2@M@Z 1002df80 f   physics_2009:dgBody.obj
 0001:0002d010       ?GetFirstJoint@dgBody@@QBEPAVdgConstraint@@XZ 1002e010 f   physics_2009:dgBody.obj
 0001:0002d040       ?GetNextJoint@dgBody@@QBEPAVdgConstraint@@PAV2@@Z 1002e040 f   physics_2009:dgBody.obj
 0001:0002d080       ?GetFirstContact@dgBody@@QBEPAVdgConstraint@@XZ 1002e080 f   physics_2009:dgBody.obj
 0001:0002d0b0       ?GetNextContact@dgBody@@QBEPAVdgConstraint@@PAV2@@Z 1002e0b0 f   physics_2009:dgBody.obj
 0001:0002d0f0       ?Freeze@dgBody@@QAEXXZ     1002e0f0 f   physics_2009:dgBody.obj
 0001:0002d140       ?Unfreeze@dgBody@@QAEXXZ   1002e140 f   physics_2009:dgBody.obj
 0001:0002d190       ?RotateToEnd@?$dgList@VdgBodyMasterListRow@@@@QAEXPAVdgListNode@1@@Z 1002e190 f i physics_2009:dgBody.obj
 0001:0002d1f0       ?InsertAfter@?$dgList@VdgBodyMasterListRow@@@@QAEXPAVdgListNode@1@0@Z 1002e1f0 f i physics_2009:dgBody.obj
 0001:0002d260       ??0dgBody@@QAE@XZ          1002e260 f   physics_2009:dgBody.obj
 0001:0002d280       ?SetMassMatrix@dgBody@@QAEXMMMM@Z 1002e280 f   physics_2009:dgBody.obj
 0001:0002d380       ?UpdateCollisionMatrixSimD@dgBody@@AAEXMH@Z 1002e380 f   physics_2009:dgBody.obj
 0001:0002d9d0       ?UpdateCollisionMatrix@dgBody@@AAEXMH@Z 1002e9d0 f   physics_2009:dgBody.obj
 0001:0002de90       ?UpdateMatrix@dgBody@@AAEXMH@Z 1002ee90 f   physics_2009:dgBody.obj
 0001:0002dec0       ?IntegrateVelocity@dgBody@@AAEXM@Z 1002eec0 f   physics_2009:dgBody.obj
 0001:0002e1f0       ?CalculateContinueVelocity@dgBody@@ABEXMAAVdgVector@@0@Z 1002f1f0 f   physics_2009:dgBody.obj
 0001:0002e380       ?CalculateContinueVelocitySimD@dgBody@@ABEXMAAVdgVector@@0@Z 1002f380 f   physics_2009:dgBody.obj
 0001:0002e500       ?SetFreeze@dgBody@@QAEX_N@Z 1002f500 f   physics_2009:dgBody.obj
 0001:0002e520       ?AddImpulse@dgBody@@AAEXABVdgVector@@0@Z 1002f520 f   physics_2009:dgBody.obj
 0001:0002e8f0       ?SetMatrix@dgBody@@QAEXABVdgMatrix@@@Z 1002f8f0 f   physics_2009:dgBody.obj
 0001:0002ea20       ?SetMatrixIgnoreSleep@dgBody@@QAEXABVdgMatrix@@@Z 1002fa20 f   physics_2009:dgBody.obj
 0001:0002eac0       ?RayCast@dgBody@@QBEMABUdgLineBox@@P6AMPBV1@ABVdgVector@@HPAXM@ZP6AI1PBVdgCollision@@3@Z3M@Z 1002fac0 f   physics_2009:dgBody.obj
 0001:0002ee90       ?AttachCollision@dgBody@@QAEXPAVdgCollision@@@Z 1002fe90 f   physics_2009:dgBody.obj
 0001:0002efb0       ?SetJointParameterCallBack@dgBallConstraint@@QAEXP6AIABV1@M@Z@Z 1002ffb0 f   physics_2009:dgBallConstraint.obj
 0001:0002efc0       ?GetJointAngle@dgBallConstraint@@QBE?AVdgVector@@XZ 1002ffc0 f   physics_2009:dgBallConstraint.obj
 0001:0002eff0       ?SetTwistLimitState@dgBallConstraint@@QAEX_N@Z 1002fff0 f   physics_2009:dgBallConstraint.obj
 0001:0002f010       ?SetConeLimitState@dgBallConstraint@@QAEX_N@Z 10030010 f   physics_2009:dgBallConstraint.obj
 0001:0002f030       ?SetLatealLimitState@dgBallConstraint@@QAEX_N@Z 10030030 f   physics_2009:dgBallConstraint.obj
 0001:0002f050       ??_GdgBallConstraint@@EAEPAXI@Z 10030050 f i physics_2009:dgBallConstraint.obj
 0001:0002f050       ??_EdgBallConstraint@@EAEPAXI@Z 10030050 f i physics_2009:dgBallConstraint.obj
 0001:0002f080       ??0dgBallConstraint@@AAE@XZ 10030080 f   physics_2009:dgBallConstraint.obj
 0001:0002f100       ?GetJointOmega@dgBallConstraint@@QBE?AVdgVector@@XZ 10030100 f   physics_2009:dgBallConstraint.obj
 0001:0002f260       ?GetJointForce@dgBallConstraint@@QBE?AVdgVector@@XZ 10030260 f   physics_2009:dgBallConstraint.obj
 0001:0002f330       ?SetLimits@dgBallConstraint@@QAEXABVdgVector@@MMM0MM@Z 10030330 f   physics_2009:dgBallConstraint.obj
 0001:0002fb80       ?SetPivotPoint@dgBallConstraint@@AAEXABVdgVector@@@Z 10030b80 f   physics_2009:dgBallConstraint.obj
 0001:0002fc80       ?JacobianDerivative@dgBallConstraint@@EAEIAAVdgContraintDescritor@@@Z 10030c80 f   physics_2009:dgBallConstraint.obj
 0001:000303f0       ??0dgHingeConstraint@@AAE@XZ 100313f0 f   physics_2009:dgHingeConstraint.obj
 0001:00030430       ?SetJointParameterCallBack@dgHingeConstraint@@QAEXP6AIABV1@PAVdgJointCallBackParam@@@Z@Z 10031430 f   physics_2009:dgHingeConstraint.obj
 0001:00030430       ?SetJointParameterCallBack@dgSlidingConstraint@@QAEXP6AIABV1@PAVdgJointCallBackParam@@@Z@Z 10031430 f   physics_2009:dgSlidingConstraint.obj
 0001:00030440       ??_GdgHingeConstraint@@EAEPAXI@Z 10031440 f i physics_2009:dgHingeConstraint.obj
 0001:00030440       ??_EdgHingeConstraint@@EAEPAXI@Z 10031440 f i physics_2009:dgHingeConstraint.obj
 0001:00030470       ?GetJointOmega0@dgUniversalConstraint@@QBEMXZ 10031470 f   physics_2009:dgUniversalConstraint.obj
 0001:00030470       ?GetJointOmega@dgCorkscrewConstraint@@QBEMXZ 10031470 f   physics_2009:dgCorkscrewConstraint.obj
 0001:00030470       ?GetJointOmega@dgHingeConstraint@@QBEMXZ 10031470 f   physics_2009:dgHingeConstraint.obj
 0001:000304f0       ?CalculateStopAlpha@dgHingeConstraint@@QBEMMPBVdgJointCallBackParam@@@Z 100314f0 f   physics_2009:dgHingeConstraint.obj
 0001:000305a0       ?GetJointForce@dgHingeConstraint@@QBE?AVdgVector@@XZ 100315a0 f   physics_2009:dgHingeConstraint.obj
 0001:000306f0       ?JacobianDerivative@dgHingeConstraint@@EAEIAAVdgContraintDescritor@@@Z 100316f0 f   physics_2009:dgHingeConstraint.obj
 0001:000309c0       ??0dgSlidingConstraint@@AAE@XZ 100319c0 f   physics_2009:dgSlidingConstraint.obj
 0001:00030a00       ?GetJointAngle@dgCorkscrewConstraint@@QBEMXZ 10031a00 f   physics_2009:dgCorkscrewConstraint.obj
 0001:00030a00       ?GetJointPosit@dgSlidingConstraint@@QBEMXZ 10031a00 f   physics_2009:dgSlidingConstraint.obj
 0001:00030a00       ?GetJointAngle0@dgUniversalConstraint@@QBEMXZ 10031a00 f   physics_2009:dgUniversalConstraint.obj
 0001:00030a00       ?GetJointAngle@dgHingeConstraint@@QBEMXZ 10031a00 f   physics_2009:dgHingeConstraint.obj
 0001:00030a10       ??_GdgSlidingConstraint@@EAEPAXI@Z 10031a10 f i physics_2009:dgSlidingConstraint.obj
 0001:00030a10       ??_EdgSlidingConstraint@@EAEPAXI@Z 10031a10 f i physics_2009:dgSlidingConstraint.obj
 0001:00030a40       ?GetJointVeloc@dgCorkscrewConstraint@@QBEMXZ 10031a40 f   physics_2009:dgCorkscrewConstraint.obj
 0001:00030a40       ?GetJointVeloc@dgSlidingConstraint@@QBEMXZ 10031a40 f   physics_2009:dgSlidingConstraint.obj
 0001:00030ac0       ?CalculateStopAccel@dgSlidingConstraint@@QBEMMPBVdgJointCallBackParam@@@Z 10031ac0 f   physics_2009:dgSlidingConstraint.obj
 0001:00030b60       ?GetJointForce@dgSlidingConstraint@@QBE?AVdgVector@@XZ 10031b60 f   physics_2009:dgSlidingConstraint.obj
 0001:00030c90       ?JacobianDerivative@dgSlidingConstraint@@EAEIAAVdgContraintDescritor@@@Z 10031c90 f   physics_2009:dgSlidingConstraint.obj
 0001:000311e0       ??0dgCorkscrewConstraint@@AAE@XZ 100321e0 f   physics_2009:dgCorkscrewConstraint.obj
 0001:00031220       ?SetJointParameterCallBack@dgUniversalConstraint@@QAEXP6AIABV1@PAVdgJointCallBackParam@@@Z@Z 10032220 f   physics_2009:dgUniversalConstraint.obj
 0001:00031220       ?SetJointParameterCallBack@dgCorkscrewConstraint@@QAEXP6AIABV1@PAVdgJointCallBackParam@@@Z@Z 10032220 f   physics_2009:dgCorkscrewConstraint.obj
 0001:00031230       ?GetJointAngle1@dgUniversalConstraint@@QBEMXZ 10032230 f   physics_2009:dgUniversalConstraint.obj
 0001:00031230       ?GetJointPosit@dgCorkscrewConstraint@@QBEMXZ 10032230 f   physics_2009:dgCorkscrewConstraint.obj
 0001:00031240       ??_GdgCorkscrewConstraint@@EAEPAXI@Z 10032240 f i physics_2009:dgCorkscrewConstraint.obj
[...]
 0003:000001a0       ?m_faceIndex@dgContactSolver@@2PAY03HA 1009b1a0     physics_2009:dgMinkowskiConv.obj
 0003:000001e0       ?m_edgeArray@dgCollisionBox@@1PAVdgConvexSimplexEdge@@A 1009b1e0     physics_2009:dgCollisionBox.obj
 0003:00000370       ?m_globalAllocator@dgGlobalAllocator@@2V1@A 1009b370     corelib_2009:dgMemory.obj
 0003:00000898       ?mult@dgPolyhedraMassProperties@@0PAMA 1009b898     corelib_2009:dgPolyhedraMassProperties.obj
 0003:000008d0       __fltused                  1009b8d0     LIBCMT:_fpinit_.obj
 0003:000008d4       __ldused                   1009b8d4     LIBCMT:_fpinit_.obj
 0003:000008e0       __half                     1009b8e0     LIBCMT:_pow_.obj
 0003:000008fc       __cfltcvt_tab              1009b8fc     LIBCMT:cmiscdat.obj
 0003:00000a48       __amblksiz                 1009ba48     LIBCMT:heapinit.obj
 0003:00000a4c       __aexit_rtn                1009ba4c     LIBCMT:crt0dat.obj
 0003:00000c78       ___flsindex                1009bc78     LIBCMT:tidtable.obj
 0003:00000c7c       ___getvalueindex           1009bc7c     LIBCMT:tidtable.obj
 0003:00000c80       ___badioinfo               1009bc80     LIBCMT:ioinit.obj
 0003:00000cc0       __First_FPE_Indx           1009bcc0     LIBCMT:winxfltr.obj
 0003:00000cc4       __Num_FPE                  1009bcc4     LIBCMT:winxfltr.obj
 0003:00000cc8       __XcptActTabSize           1009bcc8     LIBCMT:winxfltr.obj
 0003:00000ccc       __XcptActTabCount          1009bccc     LIBCMT:winxfltr.obj
 0003:00000cd0       ___nullstring              1009bcd0     LIBCMT:output.obj
 0003:00000cd4       ___wnullstring             1009bcd4     LIBCMT:output.obj
 0003:00000cf4       ___abort_behavior          1009bcf4     LIBCMT:abort.obj
 0003:00000cf8       __iob                      1009bcf8     LIBCMT:_file.obj
 0003:00000f78       ___security_cookie         1009bf78     LIBCMT:gs_cookie.obj
 0003:00000f7c       ___security_cookie_complement 1009bf7c     LIBCMT:gs_cookie.obj
 0003:00000f80       __infinity                 1009bf80     LIBCMT:_87tran_.obj
 0003:00000f8a       __minfinity                1009bf8a     LIBCMT:_87tran_.obj
 0003:00000f94       __logemax                  1009bf94     LIBCMT:_87tran_.obj
 0003:00000fba       __OP_EXPjmptab             1009bfba     LIBCMT:_87tran_.obj
 0003:00000fe0       __indefinite               1009bfe0     LIBCMT:_87disp_.obj
 0003:00000fea       __piby2                    1009bfea     LIBCMT:_87disp_.obj
 0003:00001010       __NLG_Destination          1009c010     LIBCMT:exsup.obj
 0003:00001020       __matherr_flag             1009c020     LIBCMT:_matherr_.obj
 0003:00001110       __d_inf                    1009c110     LIBCMT:_util_.obj
 0003:00001118       __d_ind                    1009c118     LIBCMT:_util_.obj
 0003:00001120       __d_max                    1009c120     LIBCMT:_util_.obj
 0003:00001128       __d_min                    1009c128     LIBCMT:_util_.obj
 0003:00001130       __d_mzero                  1009c130     LIBCMT:_util_.obj
 0003:00001140       ___initialmbcinfo          1009c140     LIBCMT:mbctype.obj
 0003:00001360       __mbctype                  1009c360     LIBCMT:mbctype.obj
 0003:00001468       __mbcasemap                1009c468     LIBCMT:mbctype.obj
 0003:00001568       ___ptmbcinfo               1009c568     LIBCMT:mbctype.obj
 0003:00001664       ___globallocalestatus      1009c664     LIBCMT:glstatus.obj
 0003:00001668       ___clocalestr              1009c668     LIBCMT:nlsdata2.obj
 0003:00001670       ___initiallocinfo          1009c670     LIBCMT:nlsdata2.obj
 0003:00001748       ___ptlocinfo               1009c748     LIBCMT:nlsdata2.obj
 0003:0000174c       ___lc_clike                1009c74c     LIBCMT:nlsdata2.obj
 0003:00001750       ___initiallocalestructinfo 1009c750     LIBCMT:nlsdata2.obj
 0003:000018c0       __pctype                   1009c8c0     LIBCMT:ctype.obj
 0003:000018c4       __pwctype                  1009c8c4     LIBCMT:ctype.obj
 0003:000018c8       ___lc_time_c               1009c8c8     LIBCMT:strftime.obj
 0003:00001980       ___lc_time_curr            1009c980     LIBCMT:strftime.obj
 0003:00001984       ___lconv_static_decimal    1009c984     LIBCMT:lconv.obj
 0003:00001988       ___lconv_c                 1009c988     LIBCMT:lconv.obj
 0003:000019b8       ___lconv                   1009c9b8     LIBCMT:lconv.obj
 0003:000019bc       ___mb_cur_max              1009c9bc     LIBCMT:nlsdata1.obj
 0003:000019c0       ___decimal_point           1009c9c0     LIBCMT:nlsdata1.obj
 0003:000019c4       ___decimal_point_length    1009c9c4     LIBCMT:nlsdata1.obj
 0003:00001a10       __lookuptrailbytes         1009ca10     LIBCMT:read.obj
 0003:00001b10       __timezone                 1009cb10     LIBCMT:timeset.obj
 0003:00001b14       __daylight                 1009cb14     LIBCMT:timeset.obj
 0003:00001b18       __dstbias                  1009cb18     LIBCMT:timeset.obj
 0003:00001ba0       __tzname                   1009cba0     LIBCMT:timeset.obj
 0003:00001bc0       __pow10pos                 1009cbc0     LIBCMT:_constpow_.obj
 0003:00001d20       __pow10neg                 1009cd20     LIBCMT:_constpow_.obj
 0003:00001e7c       __coninpfh                 1009ce7c     LIBCMT:initcon.obj
 0003:00001e80       __confh                    1009ce80     LIBCMT:initcon.obj
 0003:00001e90       __lpdays                   1009ce90     LIBCMT:days.obj
 0003:00001ec4       __days                     1009cec4     LIBCMT:days.obj
 0003:00001f10       ?m_edgeArray@dgCollisionSphere@@1PAVdgConvexSimplexEdge@@A 1009cf10     physics_2009:dgCollisionSphere.obj
 0003:00002510       ?m_shapeRefCount@dgCollisionSphere@@1HA 1009d510     physics_2009:dgCollisionSphere.obj
 0003:00002520       ?m_unitSphere@dgCollisionSphere@@1PAVdgVector@@A 1009d520     physics_2009:dgCollisionSphere.obj
 0003:00002640       ?m_iniliazised@dgConvexCollision@@1HA 1009d640     physics_2009:dgConvexCollision.obj
 0003:00002650       ?m_zero@dgConvexCollision@@1VdgVector@@A 1009d650     physics_2009:dgConvexCollision.obj
 0003:00002660       ?m_signMask@dgConvexCollision@@1VdgVector@@A 1009d660     physics_2009:dgConvexCollision.obj
 0003:00002670       ?m_triplexMask@dgConvexCollision@@1VdgVector@@A 1009d670     physics_2009:dgConvexCollision.obj
 0003:00002680       ?m_multiResDir@dgConvexCollision@@1PAVdgVector@@A 1009d680     physics_2009:dgConvexCollision.obj
 0003:00002700       ?m_multiResDir_sse@dgConvexCollision@@1PAVdgVector@@A 1009d700     physics_2009:dgConvexCollision.obj
 0003:00002760       ?m_vertex@dgCollisionHeightField@@0PAPAVdgVector@@A 1009d760     physics_2009:dgCollisionHeightField.obj
 0003:00002780       ?m_vertexCount@dgCollisionHeightField@@0PAHA 1009d780     physics_2009:dgCollisionHeightField.obj
 0003:000027a0       ?m_refCount@dgCollisionHeightField@@0HA 1009d7a0     physics_2009:dgCollisionHeightField.obj
 0003:000027b0       ?m_negIndex@dgContactSolver@@2T__m128@@A 1009d7b0     physics_2009:dgMinkowskiConv.obj
 0003:000027c0       ?m_zero@dgContactSolver@@2T__m128@@A 1009d7c0     physics_2009:dgMinkowskiConv.obj
 0003:000027d0       ?m_index_yx@dgContactSolver@@2T__m128@@A 1009d7d0     physics_2009:dgMinkowskiConv.obj
 0003:000027e0       ?m_index_wz@dgContactSolver@@2T__m128@@A 1009d7e0     physics_2009:dgMinkowskiConv.obj
 0003:000027f0       ?m_zeroTolerenace@dgContactSolver@@2T__m128@@A 1009d7f0     physics_2009:dgMinkowskiConv.obj
 0003:00002800       ?m_nrh0p5@dgContactSolver@@2T__m128@@A 1009d800     physics_2009:dgMinkowskiConv.obj
 0003:00002810       ?m_nrh3p0@dgContactSolver@@2T__m128@@A 1009d810     physics_2009:dgMinkowskiConv.obj
 0003:00002820       ?m_negativeOne@dgContactSolver@@2T__m128@@A 1009d820     physics_2009:dgMinkowskiConv.obj
 0003:00002830       ?m_dir@dgContactSolver@@2PAVdgVector@@A 1009d830     physics_2009:dgMinkowskiConv.obj
 0003:00002910       ?m_edgeArray@dgCollisionCapsule@@0PAVdgConvexSimplexEdge@@A 1009d910     physics_2009:dgCollisionCapsule.obj
 0003:00003450       ?m_shapeRefCount@dgCollisionCapsule@@0HA 1009e450     physics_2009:dgCollisionCapsule.obj
 0003:00003458       ?m_edgeArray@dgCollisionCone@@0PAVdgConvexSimplexEdge@@A 1009e458     physics_2009:dgCollisionCone.obj
 0003:00003658       ?m_shapeRefCount@dgCollisionCone@@0HA 1009e658     physics_2009:dgCollisionCone.obj
 0003:00003660       ?m_edgeArray@dgCollisionCylinder@@0PAVdgConvexSimplexEdge@@A 1009e660     physics_2009:dgCollisionCylinder.obj
 0003:00003960       ?m_shapeRefCount@dgCollisionCylinder@@0HA 1009e960     physics_2009:dgCollisionCylinder.obj
 0003:00003970       ?m_edgeArray@dgCollisionChamferCylinder@@0PAVdgConvexSimplexEdge@@A 1009e970     physics_2009:dgCollisionChamferCylinder.obj
 0003:00004270       ?m_shapeRefCount@dgCollisionChamferCylinder@@0HA 1009f270     physics_2009:dgCollisionChamferCylinder.obj
 0003:00004280       ?m_shapesDirs@dgCollisionChamferCylinder@@0PAVdgVector@@A 1009f280     physics_2009:dgCollisionChamferCylinder.obj
 0003:00004344       ___fastflag                1009f344     LIBCMT:_fpinit_.obj
 0003:00004348       __adjust_fdiv              1009f348     LIBCMT:_fpinit_.obj
 0003:00004350       __aenvptr                  1009f350     LIBCMT:dllcrt0.obj
 0003:00004354       __wenvptr                  1009f354     LIBCMT:dllcrt0.obj
 0003:00004358       ___error_mode              1009f358     LIBCMT:dllcrt0.obj
 0003:0000435c       ___app_type                1009f35c     LIBCMT:dllcrt0.obj
 0003:000044b8       ___sbh_pHeaderDefer        1009f4b8     LIBCMT:sbheap.obj
 0003:000044bc       __crtheap                  1009f4bc     LIBCMT:heapinit.obj
 0003:000044c0       __umaskval                 1009f4c0     LIBCMT:crt0dat.obj
 0003:000044c4       ___argc                    1009f4c4     LIBCMT:crt0dat.obj
 0003:000044c8       ___argv                    1009f4c8     LIBCMT:crt0dat.obj
 0003:000044cc       ___wargv                   1009f4cc     LIBCMT:crt0dat.obj
 0003:000044d0       __environ                  1009f4d0     LIBCMT:crt0dat.obj
 0003:000044d4       ___initenv                 1009f4d4     LIBCMT:crt0dat.obj
 0003:000044d8       __wenviron                 1009f4d8     LIBCMT:crt0dat.obj
 0003:000044dc       ___winitenv                1009f4dc     LIBCMT:crt0dat.obj
 0003:000044e0       __pgmptr                   1009f4e0     LIBCMT:crt0dat.obj
 0003:000044e4       __wpgmptr                  1009f4e4     LIBCMT:crt0dat.obj
 0003:000044e8       __exitflag                 1009f4e8     LIBCMT:crt0dat.obj
 0003:000044ec       __C_Termination_Done       1009f4ec     LIBCMT:crt0dat.obj
 0003:000044f0       __C_Exit_Done              1009f4f0     LIBCMT:crt0dat.obj
 0003:0000480c       ?_pnhHeap@@3P6AHI@ZA       1009f80c     LIBCMT:handler.obj
 0003:00004810       __newmode                  1009f810     LIBCMT:_newmode.obj
 0003:00004814       _gpFlsAlloc                1009f814     LIBCMT:tidtable.obj
 0003:00004818       _gpFlsGetValue             1009f818     LIBCMT:tidtable.obj
 0003:0000481c       _gpFlsSetValue             1009f81c     LIBCMT:tidtable.obj
 0003:00004820       _gpFlsFree                 1009f820     LIBCMT:tidtable.obj
 0003:00004824       __maxwait                  1009f824     LIBCMT:crtheap.obj
 0003:00004934       ___pInvalidArgHandler      1009f934     LIBCMT:invarg.obj
 0003:00004954       ___pPurecall               1009f954     LIBCMT:inithelp.obj
 0003:00004958       __cflush                   1009f958     LIBCMT:_file.obj
 0003:0000495c       __stdbuf                   1009f95c     LIBCMT:_sftbuf.obj
 0003:000049f4       ___mbulinfo                1009f9f4     LIBCMT:mbctype.obj
 0003:00004a00       ___mbcodepage              1009fa00     LIBCMT:mbctype.obj
 0003:00004a04       ___ismbcodepage            1009fa04     LIBCMT:mbctype.obj
 0003:00004a08       ___mblcid                  1009fa08     LIBCMT:mbctype.obj
 0003:00004a0c       ___locale_changed          1009fa0c     LIBCMT:setlocal.obj
 0003:00004a10       ___lc_handle               1009fa10     LIBCMT:nlsdata2.obj
 0003:00004a28       ___lc_codepage             1009fa28     LIBCMT:nlsdata2.obj
 0003:00004a2c       ___lc_collate_cp           1009fa2c     LIBCMT:nlsdata2.obj
 0003:00004a30       __outputformat             1009fa30     LIBCMT:outputformat.obj
 0003:00004a38       ?__pInconsistency@@3P6AXXZA 1009fa38     LIBCMT:hooks.obj
 0003:00004a58       __commode                  1009fa58     LIBCMT:ncommode.obj
 0003:00004d8c       ___lconv_static_null       1009fd8c     LIBCMT:lconv.obj
 0003:00004e48       __fmode                    1009fe48     LIBCMT:txtmode.obj
 0003:00004e4c       __debugger_hook_dummy      1009fe4c     <common>
 0003:00004e50       ___piob                    1009fe50     <common>
 0003:00004e60       __bufin                    1009fe60     <common>
 0003:00005e60       __nstream                  100a0e60     <common>
 0003:00005e64       __nhandle                  100a0e64     <common>
 0003:00005e80       ___pioinfo                 100a0e80     <common>
 0003:00005f80       ___env_initialized         100a0f80     <common>
 0003:00005f84       ___onexitend               100a0f84     <common>
 0003:00005f88       ___onexitbegin             100a0f88     <common>
 0003:00005f8c       ___mbctype_initialized     100a0f8c     <common>
 0003:00005f90       ___dyn_tls_init_callback   100a0f90     <common>
 0003:00005f94       ___active_heap             100a0f94     <common>
 0003:00005f98       __pDestructExceptionObject 100a0f98     <common>
 0003:00005f9c       ___sbh_cntHeaderList       100a0f9c     <common>
 0003:00005fa0       ___sbh_pHeaderList         100a0fa0     <common>
 0003:00005fa4       ___sbh_threshold           100a0fa4     <common>
 0003:00005fa8       ___sbh_pHeaderScan         100a0fa8     <common>
 0003:00005fac       ___sbh_sizeHeaderList      100a0fac     <common>
 0003:00005fb0       ___sbh_indGroupDefer       100a0fb0     <common>
 0003:00005fb4       ___use_sse2_mathfcns       100a0fb4     <common>
 0003:00005fb8       ___sse2_available          100a0fb8     <common>
 0003:00005fbc       __pmatherr                 100a0fbc     <common>
 0003:00005fc0       __acmdln                   100a0fc0     <common>

 entry point at        0001:00080975

 Static symbols

 0001:000072c0       ?CompareIslands@@YAHQBVdgIsland@@0PAX@Z 100082c0 f   physics_2009:dgWorldDynamicUpdate.obj
 0001:0001b7b0       ?CompareContact@@YAHQBVdgContactPoint@@0PAX@Z 1001c7b0 f   physics_2009:dgNarrowPhaseCollision.obj
 0001:0006f4f0       ?DetectSSE_3@@YA_NXZ       100704f0 f   corelib_2009:dgTypes.obj
 0001:0006f4f0       ?DetectSSE@@YA_NXZ         100704f0 f   corelib_2009:dgTypes.obj
 0001:0006fc00       ?SortVertices@InternalGeoUtil@@YAHQAMHHHHM@Z 10070c00 f   corelib_2009:dgTypes.obj
 0001:00070640       ?QuickSortVertices@InternalGeoUtil@@YAHQAMHHHHM@Z 10071640 f   corelib_2009:dgTypes.obj
 0001:00071c00       ?NormalizeVertex@InternalPolyhedra@@YAXHQAVdgTriplex@@QBMH@Z 10072c00 f   corelib_2009:dgPolyhedra.obj
 0001:00071d50       ?EdgePlane@InternalPolyhedra@@YA?AVdgBigPlane@@HHHQBVdgTriplex@@@Z 10072d50 f   corelib_2009:dgPolyhedra.obj
 0001:00071e60       ?UnboundedLoopPlane@InternalPolyhedra@@YA?AVdgBigPlane@@HHHQBVdgTriplex@@@Z 10072e60 f   corelib_2009:dgPolyhedra.obj
 0001:00071fa0       ?BigFaceNormal@InternalPolyhedra@@YA?AVdgBigVector@@PAVdgEdge@@QBMH@Z 10072fa0 f   corelib_2009:dgPolyhedra.obj
 0001:000720b0       ?CalculateVertexMetrics@InternalPolyhedra@@YAXQAUVERTEX_METRIC_STRUCT@1@QBVdgTriplex@@PAVdgEdge@@@Z 100730b0 f   corelib_2009:dgPolyhedra.obj
 0001:00072190       ?IsEssensialPointDiagonal@InternalPolyhedra@@YA_NPAVdgEdge@@ABVdgBigVector@@QBMH@Z 10073190 f   corelib_2009:dgPolyhedra.obj
 0001:000725a0       ?CalculateAllMetrics@InternalPolyhedra@@YAXPBVdgPolyhedra@@QAUVERTEX_METRIC_STRUCT@1@QBVdgTriplex@@@Z 100735a0 f   corelib_2009:dgPolyhedra.obj
 0001:00072820       ?EdgePenalty@InternalPolyhedra@@YAMABVdgPolyhedra@@QBVdgTriplex@@PAVdgEdge@@@Z 10073820 f   corelib_2009:dgPolyhedra.obj
 0001:00072f10       ?GetInteriorDiagonals@InternalPolyhedra@@YAHAAVdgPolyhedra@@QAPAVdgEdge@@H@Z 10073f10 f   corelib_2009:dgPolyhedra.obj
 0001:00073d90       ?MatchTwins@InternalPolyhedra@@YA_NPAVdgPolyhedra@@@Z 10074d90 f   corelib_2009:dgPolyhedra.obj
 0001:00073e20       ?FindEarTip@InternalPolyhedra@@YAPAVdgEdge@@ABVdgPolyhedra@@PAV2@QBMHAAV?$dgDownHeap@PAVdgEdge@@M@@ABVdgVector@@@Z 10074e20 f   corelib_2009:dgPolyhedra.obj
 0001:00074c00       ?CloseOpenBounds@InternalPolyhedra@@YAXPAVdgPolyhedra@@@Z 10075c00 f   corelib_2009:dgPolyhedra.obj
 0001:00075920       ?MarkAdjacentCoplanarFaces@InternalPolyhedra@@YAXAAVdgPolyhedra@@0PAVdgEdge@@QBMH@Z 10076920 f   corelib_2009:dgPolyhedra.obj
 0001:00075c20       ?ConvexPartition@InternalPolyhedra@@YA_NAAVdgPolyhedra@@QBMH@Z 10076c20 f   corelib_2009:dgPolyhedra.obj
 0001:000768e0       ?TriangulateFace@InternalPolyhedra@@YAPAVdgEdge@@AAVdgPolyhedra@@PAV2@QBMHAAV?$dgDownHeap@PAVdgEdge@@M@@PAVdgVector@@@Z 100778e0 f   corelib_2009:dgPolyhedra.obj
 0001:0008087f       ___DllMainCRTStartup       1008187f f   LIBCMT:dllcrt0.obj
 0001:00080a15       __hw_cw                    10081a15 f   LIBCMT:_ieee87_.obj
 0001:00080aa3       ___hw_cw_sse2              10081aa3 f   LIBCMT:_ieee87_.obj
 0001:000818aa       __onexit_nolock            100828aa f   LIBCMT:onexit.obj
 0001:00081b46       __callthreadstartex        10082b46 f   LIBCMT:threadex.obj
 0001:00081b87       __threadstartex@4          10082b87 f   LIBCMT:threadex.obj
 0001:00082327       __shift                    10083327 f   LIBCMT:cvt.obj
 0001:0008236c       __cftoe2_l                 1008336c f   LIBCMT:cvt.obj
 0001:0008293e       __cftof2_l                 1008393e f   LIBCMT:cvt.obj
 0001:00083cfe       __initterm                 10084cfe f   LIBCMT:crt0dat.obj
 0001:00083dc4       _doexit                    10084dc4 f   LIBCMT:crt0dat.obj
 0001:00084209       _fastzero_I                10085209 f   LIBCMT:p4_memset.obj
 0001:00084d96       _parse_cmdline             10085d96 f   LIBCMT:stdargv.obj
 0001:000854e8       _write_char                100864e8 f   LIBCMT:output.obj
 0001:0008551b       _write_multi_char          1008651b f   LIBCMT:output.obj
 0001:00085541       _write_string              10086541 f   LIBCMT:output.obj
 0001:00086421       _siglookup                 10087421 f   LIBCMT:winsig.obj
 0001:0008675c       _fastcopy_I                1008775c f   LIBCMT:p4_memcpy.obj
 0001:00086b42       _flsall                    10087b42 f   LIBCMT:fflush.obj
 0001:00086e6c       __unwind_handler4          10087e6c f   LIBCMT:exsup4.obj
 0001:00088310       __unwind_handler           10089310 f   LIBCMT:exsup.obj
 0001:00088430       _ValidateScopeTableHandlers 10089430 f   LIBCMT:eh3valid.obj
 0001:00088990       _has_osfxsr_set            10089990 f   LIBCMT:cpu_disp.obj
 0001:000892dd       ?CPtoLCID@@YAHH@Z          1008a2dd f   LIBCMT:mbctype.obj
 0001:0008930c       ?setSBCS@@YAXPAUthreadmbcinfostruct@@@Z 1008a30c f   LIBCMT:mbctype.obj
 0001:00089370       ?setSBUpLow@@YAXPAUthreadmbcinfostruct@@@Z 1008a370 f   LIBCMT:mbctype.obj
 0001:000895a7       ?getSystemCP@@YAHH@Z       1008a5a7 f   LIBCMT:mbctype.obj
 0001:00089c31       __updatetlocinfoEx_nolock  1008ac31 f   LIBCMT:setlocal.obj
 0001:0008ae36       ?x_ismbbtype_l@@YAHPAUlocaleinfo_struct@@IHH@Z 1008be36 f   LIBCMT:ismbbyte.obj
 0001:0008cf5e       ?__crtLCMapStringA_stat@@YAHPAUlocaleinfo_struct@@KKPBDHPADHHH@Z 1008df5e f   LIBCMT:a_map.obj
 0001:0008d348       ?__crtGetStringTypeA_stat@@YAHPAUlocaleinfo_struct@@KPBDHPAGHHH@Z 1008e348 f   LIBCMT:a_str.obj
 0001:0008f622       ?strtoxl@@YAKPAUlocaleinfo_struct@@PBDPAPBDHH@Z 10090622 f   LIBCMT:strtol.obj
 0001:0008fe70       ??__E?m_globalAllocator@dgGlobalAllocator@@2V1@A@@YAXXZ 10090e70 f   corelib_2009:dgMemory.obj
 0001:0008fe80       ??__F?m_globalAllocator@dgGlobalAllocator@@2V1@A@@YAXXZ 10090e80 f   corelib_2009:dgMemory.obj
